/home/ygy/eclipse-workspace/ADC_UDP_STREAM_LPC1778/lpc_chip_177x_8x/inc/clock_17xx_40xx.h:120:20:Chip_Clock_IsMainPLLEnabled	4	static
/home/ygy/eclipse-workspace/ADC_UDP_STREAM_LPC1778/lpc_chip_177x_8x/inc/clock_17xx_40xx.h:133:20:Chip_Clock_IsUSBPLLEnabled	4	static
/home/ygy/eclipse-workspace/ADC_UDP_STREAM_LPC1778/lpc_chip_177x_8x/inc/clock_17xx_40xx.h:229:20:Chip_Clock_FeedPLL	16	static
/home/ygy/eclipse-workspace/ADC_UDP_STREAM_LPC1778/lpc_chip_177x_8x/inc/clock_17xx_40xx.h:445:39:Chip_Clock_GetUSBClockSource	4	static
/home/ygy/eclipse-workspace/ADC_UDP_STREAM_LPC1778/lpc_chip_177x_8x/inc/clock_17xx_40xx.h:497:39:Chip_Clock_GetMainPLLSource	4	static
/home/ygy/eclipse-workspace/ADC_UDP_STREAM_LPC1778/lpc_chip_177x_8x/inc/clock_17xx_40xx.h:599:24:Chip_Clock_GetPCLKDiv	4	static
/home/ygy/eclipse-workspace/ADC_UDP_STREAM_LPC1778/lpc_chip_177x_8x/inc/clock_17xx_40xx.h:628:41:Chip_Clock_GetSPIFIClockSource	4	static
/home/ygy/eclipse-workspace/ADC_UDP_STREAM_LPC1778/lpc_chip_177x_8x/inc/clock_17xx_40xx.h:646:24:Chip_Clock_GetSPIFIClockDiv	4	static
/home/ygy/eclipse-workspace/ADC_UDP_STREAM_LPC1778/lpc_chip_177x_8x/inc/clock_17xx_40xx.h:736:24:Chip_Clock_GetMainOscRate	4	static
/home/ygy/eclipse-workspace/ADC_UDP_STREAM_LPC1778/lpc_chip_177x_8x/inc/clock_17xx_40xx.h:745:24:Chip_Clock_GetIntOscRate	4	static
/home/ygy/eclipse-workspace/ADC_UDP_STREAM_LPC1778/lpc_chip_177x_8x/inc/clock_17xx_40xx.h:771:24:Chip_Clock_GetMainPLLInClockRate	8	static
/home/ygy/eclipse-workspace/ADC_UDP_STREAM_LPC1778/lpc_chip_177x_8x/inc/clock_17xx_40xx.h:786:24:Chip_Clock_GetUSBPLLInClockRate	8	static
../src/clock_17xx_40xx.c:51:6:Chip_Clock_EnablePLL	24	static
../src/clock_17xx_40xx.c:61:6:Chip_Clock_DisablePLL	24	static
../src/clock_17xx_40xx.c:71:6:Chip_Clock_SetupPLL	32	static
../src/clock_17xx_40xx.c:93:6:Chip_Clock_EnablePeriphClock	24	static
../src/clock_17xx_40xx.c:109:6:Chip_Clock_DisablePeriphClock	24	static
../src/clock_17xx_40xx.c:125:6:Chip_Clock_IsPeripheralClockEnabled	24	static
../src/clock_17xx_40xx.c:144:6:Chip_Clock_SetCPUClockSource	16	static
../src/clock_17xx_40xx.c:168:23:Chip_Clock_GetCPUClockSource	16	static
../src/clock_17xx_40xx.c:193:6:Chip_Clock_SetCPUClockDiv	24	static
../src/clock_17xx_40xx.c:207:10:Chip_Clock_GetCPUClockDiv	4	static
../src/clock_17xx_40xx.c:218:6:Chip_Clock_SetUSBClockSource	24	static
../src/clock_17xx_40xx.c:230:6:Chip_Clock_SetUSBClockDiv	24	static
../src/clock_17xx_40xx.c:244:10:Chip_Clock_GetUSBClockDiv	4	static
../src/clock_17xx_40xx.c:306:6:Chip_Clock_SetCLKOUTSource	24	static
../src/clock_17xx_40xx.c:317:10:Chip_Clock_GetSYSCLKRate	8	static
../src/clock_17xx_40xx.c:336:10:Chip_Clock_GetMainPLLOutClockRate	16	static
../src/clock_17xx_40xx.c:364:10:Chip_Clock_GetUSBPLLOutClockRate	16	static
../src/clock_17xx_40xx.c:385:10:Chip_Clock_GetMainClockRate	8	static
../src/clock_17xx_40xx.c:400:10:Chip_Clock_GetSystemClockRate	16	static
../src/clock_17xx_40xx.c:406:10:Chip_Clock_GetUSBClockRate	16	static
../src/clock_17xx_40xx.c:446:6:Chip_Clock_SetSPIFIClockSource	24	static
../src/clock_17xx_40xx.c:456:6:Chip_Clock_SetSPIFIClockDiv	24	static
../src/clock_17xx_40xx.c:466:10:Chip_Clock_GetSPIFIClockRate	16	static
../src/clock_17xx_40xx.c:502:10:Chip_Clock_GetPeripheralClockRate	16	static
