/home/ygy/eclipse-workspace/ADC_UDP_STREAM_LPC1778/lpc_chip_177x_8x/inc/eeprom_17xx_40xx.h:116:20:Chip_EEPROM_DisablePowerDown	16	static
/home/ygy/eclipse-workspace/ADC_UDP_STREAM_LPC1778/lpc_chip_177x_8x/inc/eeprom_17xx_40xx.h:149:20:Chip_EEPROM_SetCmd	16	static
/home/ygy/eclipse-workspace/ADC_UDP_STREAM_LPC1778/lpc_chip_177x_8x/inc/eeprom_17xx_40xx.h:161:20:Chip_EEPROM_SetAddr	24	static
/home/ygy/eclipse-workspace/ADC_UDP_STREAM_LPC1778/lpc_chip_177x_8x/inc/eeprom_17xx_40xx.h:172:20:Chip_EEPROM_WriteData	16	static
/home/ygy/eclipse-workspace/ADC_UDP_STREAM_LPC1778/lpc_chip_177x_8x/inc/eeprom_17xx_40xx.h:182:24:Chip_EEPROM_ReadData	16	static
/home/ygy/eclipse-workspace/ADC_UDP_STREAM_LPC1778/lpc_chip_177x_8x/inc/eeprom_17xx_40xx.h:193:20:Chip_EEPROM_SetWaitState	16	static
/home/ygy/eclipse-workspace/ADC_UDP_STREAM_LPC1778/lpc_chip_177x_8x/inc/eeprom_17xx_40xx.h:283:24:Chip_EEPROM_GetIntStatus	16	static
/home/ygy/eclipse-workspace/ADC_UDP_STREAM_LPC1778/lpc_chip_177x_8x/inc/eeprom_17xx_40xx.h:305:20:Chip_EEPROM_ClearIntStatus	16	static
../src/eeprom_17xx_40xx.c:48:13:setClkDiv	24	static
../src/eeprom_17xx_40xx.c:60:13:setWaitState	24	static
../src/eeprom_17xx_40xx.c:80:6:Chip_EEPROM_Init	16	static
../src/eeprom_17xx_40xx.c:88:6:Chip_EEPROM_WaitForIntStatus	24	static
../src/eeprom_17xx_40xx.c:103:6:Chip_EEPROM_ErasePageRegister	24	static
../src/eeprom_17xx_40xx.c:121:10:Chip_EEPROM_WritePageRegister	32	static
../src/eeprom_17xx_40xx.c:150:6:Chip_EEPROM_EraseProgramPage	16	static
../src/eeprom_17xx_40xx.c:159:10:Chip_EEPROM_ReadPage	32	static
../src/eeprom_17xx_40xx.c:192:8:Chip_EEPROM_Write	48	static
../src/eeprom_17xx_40xx.c:222:6:Chip_EEPROM_Read	48	static
../src/eeprom_17xx_40xx.c:251:6:Chip_EEPROM_Erase	16	static
