/home/ygy/eclipse-workspace/ADC_UDP_STREAM_LPC1778/lpc_chip_177x_8x/inc/sdc_17xx_40xx.h:532:24:Chip_SDC_GetStatus	16	static
/home/ygy/eclipse-workspace/ADC_UDP_STREAM_LPC1778/lpc_chip_177x_8x/inc/sdc_17xx_40xx.h:543:20:Chip_SDC_ClearStatus	16	static
/home/ygy/eclipse-workspace/ADC_UDP_STREAM_LPC1778/lpc_chip_177x_8x/inc/sdc_17xx_40xx.h:554:20:Chip_SDC_SetIntMask	16	static
../src/sdmmc_17xx_40xx.c:60:16:sendCmd	32	static
../src/sdmmc_17xx_40xx.c:106:16:executeCmd	32	static
../src/sdmmc_17xx_40xx.c:139:16:checkR1Response	24	static
../src/sdmmc_17xx_40xx.c:157:16:sendAppCmd	48	static
../src/sdmmc_17xx_40xx.c:185:23:cardReset	16	static
../src/sdmmc_17xx_40xx.c:191:16:sendIfCond	48	static
../src/sdmmc_17xx_40xx.c:213:16:sendOpCond	48	static
../src/sdmmc_17xx_40xx.c:237:16:sendAppOpCond	56	static
../src/sdmmc_17xx_40xx.c:277:16:getCID	48	static
../src/sdmmc_17xx_40xx.c:298:16:setAddr	48	static
../src/sdmmc_17xx_40xx.c:316:16:getAddr	48	static
../src/sdmmc_17xx_40xx.c:342:16:getCSD	56	static
../src/sdmmc_17xx_40xx.c:363:16:selectCard	48	static
../src/sdmmc_17xx_40xx.c:382:16:getStatus	56	static
../src/sdmmc_17xx_40xx.c:402:16:getAppStatus	56	static
../src/sdmmc_17xx_40xx.c:425:17:getBits	40	static
../src/sdmmc_17xx_40xx.c:442:13:processCSD	32	static
../src/sdmmc_17xx_40xx.c:473:16:setBusWidth	48	static
../src/sdmmc_17xx_40xx.c:495:16:setTranState	32	static
../src/sdmmc_17xx_40xx.c:537:16:setblock_length	56	static
../src/sdmmc_17xx_40xx.c:556:16:setCardParams	24	static
../src/sdmmc_17xx_40xx.c:577:16:readBlocks	64	static
../src/sdmmc_17xx_40xx.c:612:16:writeBlocks	64	static
../src/sdmmc_17xx_40xx.c:647:16:stopTranmission	48	static
../src/sdmmc_17xx_40xx.c:687:16:Chip_SDMMC_FIFOIRQHandler	32	static
../src/sdmmc_17xx_40xx.c:727:9:Chip_SDMMC_IRQHandler	40	static
../src/sdmmc_17xx_40xx.c:758:15:Chip_SDMMC_GetCardState	24	static
../src/sdmmc_17xx_40xx.c:770:10:Chip_SDMMC_GetCardStatus	24	static
../src/sdmmc_17xx_40xx.c:778:9:Chip_SDMMC_GetSDStatus	56	static
../src/sdmmc_17xx_40xx.c:851:9:Chip_SDMMC_Acquire	48	static
../src/sdmmc_17xx_40xx.c:952:9:Chip_SDMMC_ReadBlocks	72	static
../src/sdmmc_17xx_40xx.c:1075:9:Chip_SDMMC_WriteBlocks	72	static
