tasks.c:2552:24:prvTaskCheckFreeStackSpace	0	static
tasks.c:2486:32:prvListTaskWithinSingleList	40	static
tasks.c:2600:14:prvDeleteTCB	8	static
tasks.c:2452:16:prvAllocateTCBAndStack	16	static
tasks.c:2259:13:prvInitialiseTCBVariables	16	static
tasks.c:2359:13:prvInitialiseTaskLists	16	static
tasks.c:2426:13:prvAddCurrentTaskToDelayedList	8	static
tasks.c:479:22:xTaskGenericCreate	40	static
tasks.c:635:7:vTaskDelete	16	static
tasks.c:877:25:uxTaskPriorityGet	8	static
tasks.c:899:7:vTaskPrioritySet	16	static
tasks.c:1091:23:xTaskIsTaskSuspended	0	static
tasks.c:1125:7:vTaskResume	16	static
tasks.c:1166:16:xTaskResumeFromISR	24	static
tasks.c:1225:6:vTaskStartScheduler	24	static
tasks.c:1299:6:vTaskEndScheduler	8	static
tasks.c:1310:6:vTaskSuspendAll	0	static
tasks.c:1414:14:xTaskGetTickCount	8	static
tasks.c:1429:14:xTaskGetTickCountFromISR	8	static
tasks.c:1458:24:uxTaskGetNumberOfTasks	0	static
tasks.c:1583:15:xTaskIncrementTick	24	static
tasks.c:1346:22:xTaskResumeAll	16	static
tasks.c:689:7:vTaskDelayUntil	16	static
tasks.c:765:7:vTaskDelay	16	static
tasks.c:2391:13:prvCheckTasksWaitingTermination	8	static
tasks.c:2128:8:prvIdleTask	8	static
tasks.c:1483:25:uxTaskGetSystemState	24	static
tasks.c:1814:6:vTaskSwitchContext	8	static
tasks.c:1030:7:vTaskSuspend	16	static
tasks.c:1868:6:vTaskPlaceOnEventList	16	static
tasks.c:1922:7:vTaskPlaceOnEventListRestricted	16	static
tasks.c:1961:22:xTaskRemoveFromEventList	16	static
tasks.c:2016:6:vTaskSetTimeOutState	0	static
tasks.c:2024:15:xTaskCheckForTimeOut	16	static
tasks.c:2073:6:vTaskMissedYield	0	static
tasks.c:2081:25:uxTaskGetTaskNumber	0	static
tasks.c:2104:7:vTaskSetTaskNumber	0	static
tasks.c:2572:25:uxTaskGetStackHighWaterMark	8	static
tasks.c:2618:14:xTaskGetCurrentTaskHandle	0	static
tasks.c:2635:16:xTaskGetSchedulerState	0	static
tasks.c:2663:7:vTaskPriorityInherit	16	static
tasks.c:2705:7:vTaskPriorityDisinherit	16	static
