/home/ygy/eclipse-workspace/ADC_UDP_STREAM_LPC1778/lpc_chip_177x_8x/inc/core_cm3.h:1323:22:NVIC_EnableIRQ	16	static
/home/ygy/eclipse-workspace/ADC_UDP_STREAM_LPC1778/lpc_chip_177x_8x/inc/core_cm3.h:1375:22:NVIC_ClearPendingIRQ	16	static
/home/ygy/eclipse-workspace/ADC_UDP_STREAM_LPC1778/lpc_chip_177x_8x/inc/enet_17xx_40xx.h:681:20:Chip_ENET_Set100Mbps	16	static
/home/ygy/eclipse-workspace/ADC_UDP_STREAM_LPC1778/lpc_chip_177x_8x/inc/enet_17xx_40xx.h:691:20:Chip_ENET_Set10Mbps	16	static
/home/ygy/eclipse-workspace/ADC_UDP_STREAM_LPC1778/lpc_chip_177x_8x/inc/timer_17xx_40xx.h:111:20:Chip_TIMER_MatchPending	16	static
/home/ygy/eclipse-workspace/ADC_UDP_STREAM_LPC1778/lpc_chip_177x_8x/inc/timer_17xx_40xx.h:136:20:Chip_TIMER_ClearMatch	16	static
/home/ygy/eclipse-workspace/ADC_UDP_STREAM_LPC1778/lpc_chip_177x_8x/inc/timer_17xx_40xx.h:159:20:Chip_TIMER_Enable	16	static
/home/ygy/eclipse-workspace/ADC_UDP_STREAM_LPC1778/lpc_chip_177x_8x/inc/timer_17xx_40xx.h:217:20:Chip_TIMER_SetMatch	24	static
/home/ygy/eclipse-workspace/ADC_UDP_STREAM_LPC1778/lpc_chip_177x_8x/inc/timer_17xx_40xx.h:248:20:Chip_TIMER_MatchEnableInt	16	static
/home/ygy/eclipse-workspace/ADC_UDP_STREAM_LPC1778/lpc_chip_177x_8x/inc/timer_17xx_40xx.h:270:20:Chip_TIMER_ResetOnMatchEnable	16	static
../example/src/main.c:113:13:prvSetupHardware	8	static
../example/src/main.c:143:6:TIMER0_IRQHandler	16	static
../example/src/main.c:181:6:udp_command_receive_callback	96	static
../example/src/main.c:210:6:udp_command_init	16	static
../example/src/main.c:233:5:main	120	static
