../example/src/httpd.c:2119:1:httpd_init_addr	16	static
../example/src/httpd.c:454:1:http_write	24	static
../example/src/httpd.c:417:1:http_state_free	8	static
../example/src/httpd.c:494:1:http_close_conn	16	static
../example/src/httpd.c:764:1:http_send_data	32	static
../example/src/httpd.c:1918:1:http_sent	8	static
../example/src/httpd.c:1901:1:http_err	8	static
../example/src/httpd.c:1945:1:http_poll	8	static
../example/src/httpd.c:1341:1:http_get_404_file	8	static
../example/src/httpd.c:665:1:get_http_headers	24	static
../example/src/httpd.c:394:1:http_state_alloc	8	static
../example/src/httpd.c:2081:1:http_accept	8	static
/usr/local/mcuxpressoide-11.6.0_8187/ide/plugins/com.nxp.mcuxpresso.tools.linux_11.6.0.202112161359/tools/arm-none-eabi/include/string.h:125:10:strnstr	32	static
../example/src/httpd.c:1844:1:http_init_file	24	static
../example/src/httpd.c:1736:1:http_find_file	32	static
../example/src/httpd.c:1369:1:http_handle_post_finished	16	static
../example/src/httpd.c:1388:1:http_post_rxpbuf	8	static
../example/src/httpd.c:1428:1:http_post_request	56	static
../example/src/httpd.c:1567:1:http_parse_request	64	static
../example/src/httpd.c:1993:1:http_recv	24	static
../example/src/httpd.c:2141:1:httpd_init	8	static
