../example/src/ringbuffer.h:117:16:ring_buffer_is_empty	0	static
../example/src/ringbuffer.h:126:16:ring_buffer_is_full	0	static
../example/src/ringbuffer.h:135:27:ring_buffer_num_items	0	static
../example/src/ringbuffer.c:8:6:ring_buffer_init	0	static
../example/src/ringbuffer.c:16:6:ring_buffer_queue	4	static
../example/src/ringbuffer.c:29:6:ring_buffer_queue_arr	24	static
../example/src/ringbuffer.c:37:9:ring_buffer_dequeue	0	static
../example/src/ringbuffer.c:48:20:ring_buffer_dequeue_arr	24	static
../example/src/ringbuffer.c:63:9:ring_buffer_peek	8	static
