webserver_freertos.c:200:13:tcpip_init_done_signal	0	static
webserver_freertos.c:189:13:prvSetupHardware	8	static
webserver_freertos.c:325:6:msDelay	8	static
webserver_freertos.c:207:13:vSetupIFTask	48	static
webserver_freertos.c:330:6:UART1_IRQHandler	8	static
webserver_freertos.c:394:6:write_data	16	static
webserver_freertos.c:406:6:erase_sector	8	static
webserver_freertos.c:414:6:prepare_sector	8	static
webserver_freertos.c:377:6:find_erase_prepare_sector	16	static
webserver_freertos.c:344:10:write_flash	16	static
webserver_freertos.c:422:6:compare_mem	8	static
webserver_freertos.c:461:6:jump_to_app_section	8	static
webserver_freertos.c:501:5:main	24	static
