../lwip/src/arch/lpc17xx_40xx_emac.c:142:13:lpc_rxqueue_pbuf	4	static
../lwip/src/arch/lpc17xx_40xx_emac.c:324:14:lpc_packet_addr_notsafe	0	static
../lwip/src/arch/lpc17xx_40xx_emac.c:366:13:lpc_tx_reclaim_st	16	static
../lwip/src/arch/lpc17xx_40xx_emac.c:650:14:lpc_etharp_output	8	static
../lwip/src/arch/lpc17xx_40xx_emac.c:347:14:lpc_tx_setup	8	static
../lwip/src/arch/lpc17xx_40xx_emac.c:665:7:lpc_rx_queue	16	static
../lwip/src/arch/lpc17xx_40xx_emac.c:174:14:lpc_rx_setup	16	static
../lwip/src/arch/lpc17xx_40xx_emac.c:596:14:low_level_init	16	static
../lwip/src/arch/lpc17xx_40xx_emac.c:189:21:lpc_low_level_input	16	static
../lwip/src/arch/lpc17xx_40xx_emac.c:700:6:lpc_enetif_input	16	static
../lwip/src/arch/lpc17xx_40xx_emac.c:738:6:lpc_tx_reclaim	8	static
../lwip/src/arch/lpc17xx_40xx_emac.c:745:7:lpc_tx_ready	8	static
../lwip/src/arch/lpc17xx_40xx_emac.c:400:14:lpc_low_level_output	32	static
../lwip/src/arch/lpc17xx_40xx_emac.c:761:6:ETH_IRQHandler	0	static
../lwip/src/arch/lpc17xx_40xx_emac.c:799:6:lpc_emac_set_duplex	8	static
../lwip/src/arch/lpc17xx_40xx_emac.c:810:6:lpc_emac_set_speed	0	static
../lwip/src/arch/lpc17xx_40xx_emac.c:821:7:lpc_enetif_init	16	static
