../lwip/src/core/tcp.c:1015:1:tcp_new_port	0	static
../lwip/src/core/tcp.c:251:1:tcp_remove_listener	16	static
../lwip/src/core/tcp.c:269:1:tcp_listen_closed	16	static
../lwip/src/core/tcp.c:221:1:tcp_free_listen	8	static
../lwip/src/core/tcp.c:409:1:tcp_close_shutdown_fin	16	static
../lwip/src/core/tcp.c:1815:1:tcp_handle_closepend	8	static
../lwip/src/core/tcp.c:201:1:tcp_init	0	static
../lwip/src/core/tcp.c:210:1:tcp_free	8	static
../lwip/src/core/tcp.c:662:1:tcp_bind	16	static
../lwip/src/core/tcp.c:764:1:tcp_bind_netif	0	static
../lwip/src/core/tcp.c:849:1:tcp_listen_with_backlog_and_err	16	static
../lwip/src/core/tcp.c:826:1:tcp_listen_with_backlog	8	static
../lwip/src/core/tcp.c:934:1:tcp_update_rcv_ann_wnd	16	static
../lwip/src/core/tcp.c:972:1:tcp_recved	16	static
../lwip/src/core/tcp.c:1530:1:tcp_txnow	8	static
../lwip/src/core/tcp.c:1627:1:tcp_seg_free	8	static
../lwip/src/core/tcp.c:1612:1:tcp_segs_free	8	static
../lwip/src/core/tcp.c:1648:1:tcp_setprio	0	static
../lwip/src/core/tcp.c:1666:1:tcp_seg_copy	16	static
../lwip/src/core/tcp.c:1996:1:tcp_arg	0	static
../lwip/src/core/tcp.c:2019:1:tcp_recv	16	static
../lwip/src/core/tcp.c:2039:1:tcp_sent	16	static
../lwip/src/core/tcp.c:2065:1:tcp_err	16	static
../lwip/src/core/tcp.c:2085:1:tcp_accept	0	static
../lwip/src/core/tcp.c:2114:1:tcp_poll	16	static
../lwip/src/core/tcp.c:2224:1:tcp_next_iss	8	static
../lwip/src/core/tcp.c:2247:1:tcp_eff_send_mss_netif	16	static
../lwip/src/core/tcp.c:1071:1:tcp_connect	24	static
../lwip/src/core/tcp.c:2363:1:tcp_debug_state_str	0	static
../lwip/src/core/tcp.c:2369:1:tcp_tcp_get_tcp_addrinfo	0	static
../lwip/src/core/tcp.c:2395:1:tcp_free_ooseq	8	static
../lwip/src/core/tcp.c:2136:1:tcp_pcb_purge	8	static
../lwip/src/core/tcp.c:2186:1:tcp_pcb_remove	16	static
../lwip/src/core/tcp.c:563:1:tcp_abandon	48	static
../lwip/src/core/tcp.c:638:1:tcp_abort	8	static
../lwip/src/core/tcp.c:779:1:tcp_accept_null	8	static
../lwip/src/core/tcp.c:1788:1:tcp_kill_timewait	8	static
../lwip/src/core/tcp.c:1710:1:tcp_kill_prio	8	static
../lwip/src/core/tcp.c:2308:1:tcp_netif_ip_addr_changed_pcblist	16	static
../lwip/src/core/tcp.c:2340:1:tcp_netif_ip_addr_changed	16	static
../lwip/src/core/tcp.c:1756:1:tcp_kill_state	16	static
../lwip/src/core/tcp.c:1838:1:tcp_alloc	16	static
../lwip/src/core/tcp.c:1952:1:tcp_new	8	static
../lwip/src/core/tcp.c:1970:1:tcp_new_ip_type	8	static
../lwip/src/core/tcp.c:348:1:tcp_close_shutdown	32	static
../lwip/src/core/tcp.c:484:1:tcp_close	8	static
../lwip/src/core/tcp.c:1688:1:tcp_recv_null	8	static
../lwip/src/core/tcp.c:1543:1:tcp_process_refused_data	24	static
../lwip/src/core/tcp.c:1483:1:tcp_fasttmr	16	static
../lwip/src/core/tcp.c:515:1:tcp_shutdown	16	static
../lwip/src/core/tcp.c:1196:1:tcp_slowtmr	40	static
../lwip/src/core/tcp.c:234:1:tcp_tmr	8	static
