/home/ygy/eclipse-workspace/ADC_UDP_STREAM_LPC1778/lpc_chip_177x_8x/inc/gpio_17xx_40xx.h:88:20:Chip_GPIO_SetPinState	16	static
/home/ygy/eclipse-workspace/ADC_UDP_STREAM_LPC1778/lpc_chip_177x_8x/inc/gpio_17xx_40xx.h:106:20:Chip_GPIO_WritePortBit	24	static
/home/ygy/eclipse-workspace/ADC_UDP_STREAM_LPC1778/lpc_chip_177x_8x/inc/gpio_17xx_40xx.h:119:20:Chip_GPIO_GetPinState	16	static
/home/ygy/eclipse-workspace/ADC_UDP_STREAM_LPC1778/lpc_chip_177x_8x/inc/gpio_17xx_40xx.h:132:20:Chip_GPIO_ReadPortBit	24	static
/home/ygy/eclipse-workspace/ADC_UDP_STREAM_LPC1778/lpc_chip_177x_8x/inc/gpio_17xx_40xx.h:144:20:Chip_GPIO_SetPinDIROutput	16	static
/home/ygy/eclipse-workspace/ADC_UDP_STREAM_LPC1778/lpc_chip_177x_8x/inc/gpio_17xx_40xx.h:156:20:Chip_GPIO_SetPinDIRInput	16	static
/home/ygy/eclipse-workspace/ADC_UDP_STREAM_LPC1778/lpc_chip_177x_8x/inc/gpio_17xx_40xx.h:169:20:Chip_GPIO_SetPinDIR	16	static
/home/ygy/eclipse-workspace/ADC_UDP_STREAM_LPC1778/lpc_chip_177x_8x/inc/gpio_17xx_40xx.h:190:20:Chip_GPIO_WriteDirBit	16	static
/home/ygy/eclipse-workspace/ADC_UDP_STREAM_LPC1778/lpc_chip_177x_8x/inc/gpio_17xx_40xx.h:464:20:Chip_GPIO_SetPinToggle	24	static
/home/ygy/eclipse-workspace/ADC_UDP_STREAM_LPC1778/lpc_chip_177x_8x/inc/ssp_17xx_40xx.h:239:20:Chip_SSP_Enable	16	static
/home/ygy/eclipse-workspace/ADC_UDP_STREAM_LPC1778/lpc_chip_177x_8x/inc/ssp_17xx_40xx.h:249:20:Chip_SSP_Disable	16	static
/home/ygy/eclipse-workspace/ADC_UDP_STREAM_LPC1778/lpc_chip_177x_8x/inc/ssp_17xx_40xx.h:413:20:Chip_SSP_SetFormat	24	static
/home/ygy/eclipse-workspace/ADC_UDP_STREAM_LPC1778/lpc_chip_177x_8x/inc/uart_17xx_40xx.h:309:20:Chip_UART_SendByte	16	static
/home/ygy/eclipse-workspace/ADC_UDP_STREAM_LPC1778/lpc_chip_177x_8x/inc/uart_17xx_40xx.h:322:23:Chip_UART_ReadByte	16	static
/home/ygy/eclipse-workspace/ADC_UDP_STREAM_LPC1778/lpc_chip_177x_8x/inc/uart_17xx_40xx.h:405:20:Chip_UART_ConfigData	16	static
/home/ygy/eclipse-workspace/ADC_UDP_STREAM_LPC1778/lpc_chip_177x_8x/inc/uart_17xx_40xx.h:492:24:Chip_UART_ReadLineStatus	16	static
/usr/local/mcuxpressoide-11.6.0_8187/ide/plugins/com.nxp.mcuxpresso.tools.linux_11.6.0.202112161359/tools/redlib/include/sys/libconfig-arm.h:247:5:__sys_write	32	static
/usr/local/mcuxpressoide-11.6.0_8187/ide/plugins/com.nxp.mcuxpresso.tools.linux_11.6.0.202112161359/tools/redlib/include/sys/libconfig-arm.h:241:5:__sys_readc	16	static
../src/board.c:155:13:delay	16	static
../src/board.c:161:13:delayMs	16	static
../src/board.c:168:13:writeLCDReg	24	static
../src/board.c:192:13:initSSD1289	8	static
../src/board.c:249:13:configTSC2046Pins	4	static
../src/board.c:261:13:readWriteTSC2046	24	static
../src/board.c:282:15:evalTSC2046Coord	32	static
../src/board.c:310:16:calibrateTSC2046	24	static
../src/board.c:337:6:Board_UART_Init	16	static
../src/board.c:356:6:Board_Debug_Init	8	static
../src/board.c:371:6:Board_UARTPutChar	16	static
../src/board.c:380:5:Board_UARTGetChar	8	static
../src/board.c:391:6:Board_UARTPutSTR	16	static
../src/board.c:405:13:Board_LED_Init	16	static
../src/board.c:417:6:Board_LED_Set	16	static
../src/board.c:426:6:Board_LED_Test	24	static
../src/board.c:439:6:Board_LED_Toggle	16	static
../src/board.c:447:6:Board_ENET_GetMacADDR	24	static
../src/board.c:455:6:Board_SSP_Init	16	static
../src/board.c:503:6:Board_Init	8	static
../src/board.c:517:6:Board_LCD_Init	4	static
../src/board.c:547:6:Board_InitLCDController	8	static
../src/board.c:581:6:Board_InitTouchController	16	static
../src/board.c:599:6:Board_GetTouchPos	32	static
../src/board.c:659:6:Board_SetLCDBacklight	24	static
../src/board.c:666:6:Board_Audio_Init	24	static
../src/board.c:683:6:Board_I2C_Init	16	static
../src/board.c:706:6:Board_Buttons_Init	8	static
../src/board.c:711:10:Buttons_GetStatus	16	static
../src/board.c:721:6:Board_CAN_Init	16	static
../src/board.c:758:6:Board_Joystick_Init	16	static
../src/board.c:770:9:Joystick_GetStatus	16	static
../src/board.c:784:6:Board_RTC_EV_Init	4	static
../src/board.c:792:6:Board_SDC_Init	4	static
../src/board.c:803:6:Board_NANDFLash_Init	4	static
../src/board.c:816:6:Board_USBD_Init	16	static
