Archive member included to satisfy reference by file (symbol)

C:\_freelance\Netping\1778_web\lpc_board_ea_devkit_1788\Debug\liblpc_board_ea_devkit_1788.a(board.o)
                              ./example/src/lwip_fs.o (Board_UARTPutSTR)
C:\_freelance\Netping\1778_web\lpc_board_ea_devkit_1788\Debug\liblpc_board_ea_devkit_1788.a(board_sysinit.o)
                              ./example/src/sysinit.o (Board_SystemInit)
C:\_freelance\Netping\1778_web\lpc_board_ea_devkit_1788\Debug\liblpc_board_ea_devkit_1788.a(lpc_phy_smsc87x0.o)
                              ./lwip/src/arch/lpc17xx_40xx_emac.o (lpc_phy_init)
C:\_freelance\Netping\1778_web\lpc_board_ea_devkit_1788\Debug\liblpc_board_ea_devkit_1788.a(uda1380.o)
                              C:\_freelance\Netping\1778_web\lpc_board_ea_devkit_1788\Debug\liblpc_board_ea_devkit_1788.a(board.o) (UDA1380_Init)
C:\_freelance\Netping\1778_web\lpc_chip_177x_8x\Debug\liblpc_chip_177x_8x.a(chip_17xx_40xx.o)
                              ./lwip/src/arch/lpc17xx_40xx_systick_arch.o (SystemCoreClock)
C:\_freelance\Netping\1778_web\lpc_chip_177x_8x\Debug\liblpc_chip_177x_8x.a(clock_17xx_40xx.o)
                              C:\_freelance\Netping\1778_web\lpc_chip_177x_8x\Debug\liblpc_chip_177x_8x.a(chip_17xx_40xx.o) (Chip_Clock_SetupPLL)
C:\_freelance\Netping\1778_web\lpc_chip_177x_8x\Debug\liblpc_chip_177x_8x.a(emc_17xx_40xx.o)
                              C:\_freelance\Netping\1778_web\lpc_board_ea_devkit_1788\Debug\liblpc_board_ea_devkit_1788.a(board_sysinit.o) (Chip_EMC_Dynamic_Init)
C:\_freelance\Netping\1778_web\lpc_chip_177x_8x\Debug\liblpc_chip_177x_8x.a(enet_17xx_40xx.o)
                              ./lwip/src/arch/lpc17xx_40xx_emac.o (Chip_ENET_Init)
C:\_freelance\Netping\1778_web\lpc_chip_177x_8x\Debug\liblpc_chip_177x_8x.a(i2c_17xx_40xx.o)
                              C:\_freelance\Netping\1778_web\lpc_board_ea_devkit_1788\Debug\liblpc_board_ea_devkit_1788.a(uda1380.o) (Chip_I2C_EventHandlerPolling)
C:\_freelance\Netping\1778_web\lpc_chip_177x_8x\Debug\liblpc_chip_177x_8x.a(i2s_17xx_40xx.o)
                              C:\_freelance\Netping\1778_web\lpc_board_ea_devkit_1788\Debug\liblpc_board_ea_devkit_1788.a(board.o) (Chip_I2S_Init)
C:\_freelance\Netping\1778_web\lpc_chip_177x_8x\Debug\liblpc_chip_177x_8x.a(iocon_17xx_40xx.o)
                              C:\_freelance\Netping\1778_web\lpc_board_ea_devkit_1788\Debug\liblpc_board_ea_devkit_1788.a(board_sysinit.o) (Chip_IOCON_SetPinMuxing)
C:\_freelance\Netping\1778_web\lpc_chip_177x_8x\Debug\liblpc_chip_177x_8x.a(ssp_17xx_40xx.o)
                              C:\_freelance\Netping\1778_web\lpc_board_ea_devkit_1788\Debug\liblpc_board_ea_devkit_1788.a(board.o) (Chip_SSP_WriteFrames_Blocking)
C:\_freelance\Netping\1778_web\lpc_chip_177x_8x\Debug\liblpc_chip_177x_8x.a(sysctl_17xx_40xx.o)
                              C:\_freelance\Netping\1778_web\lpc_board_ea_devkit_1788\Debug\liblpc_board_ea_devkit_1788.a(board_sysinit.o) (Chip_SYSCTL_PeriphReset)
C:\_freelance\Netping\1778_web\lpc_chip_177x_8x\Debug\liblpc_chip_177x_8x.a(sysinit_17xx_40xx.o)
                              C:\_freelance\Netping\1778_web\lpc_board_ea_devkit_1788\Debug\liblpc_board_ea_devkit_1788.a(board_sysinit.o) (Chip_SetupXtalClocking)
C:\_freelance\Netping\1778_web\lpc_chip_177x_8x\Debug\liblpc_chip_177x_8x.a(uart_17xx_40xx.o)
                              C:\_freelance\Netping\1778_web\lpc_board_ea_devkit_1788\Debug\liblpc_board_ea_devkit_1788.a(board.o) (Chip_UART_Init)
C:\_freelance\Netping\1778_web\lpc_chip_177x_8x\Debug\liblpc_chip_177x_8x.a(ring_buffer.o)
                              C:\_freelance\Netping\1778_web\lpc_chip_177x_8x\Debug\liblpc_chip_177x_8x.a(uart_17xx_40xx.o) (RingBuffer_Insert)
c:/nxp/mcuxpressoide_11.2.1_4149/ide/plugins/com.nxp.mcuxpresso.tools.win32_11.2.0.202008311134/tools/bin/../lib/gcc/arm-none-eabi/9.2.1/../../../../arm-none-eabi/lib/thumb/v7-m/nofp\libcr_nohost.a(_cr__main.o)
                              ./example/src/cr_startup_lpc177x_8x.o (__main)
c:/nxp/mcuxpressoide_11.2.1_4149/ide/plugins/com.nxp.mcuxpresso.tools.win32_11.2.0.202008311134/tools/bin/../lib/gcc/arm-none-eabi/9.2.1/../../../../arm-none-eabi/lib/thumb/v7-m/nofp\libcr_c.a(memcpy.o)
                              ./lwip/src/netif/etharp.o (memcpy)
c:/nxp/mcuxpressoide_11.2.1_4149/ide/plugins/com.nxp.mcuxpresso.tools.win32_11.2.0.202008311134/tools/bin/../lib/gcc/arm-none-eabi/9.2.1/../../../../arm-none-eabi/lib/thumb/v7-m/nofp\libcr_c.a(memset.o)
                              ./lwip/src/core/ipv4/ip_frag.o (memset)
c:/nxp/mcuxpressoide_11.2.1_4149/ide/plugins/com.nxp.mcuxpresso.tools.win32_11.2.0.202008311134/tools/bin/../lib/gcc/arm-none-eabi/9.2.1/../../../../arm-none-eabi/lib/thumb/v7-m/nofp\libcr_c.a(alloc.o)
                              ./lwip/src/core/ipv4/ip_frag.o (malloc)
[...]
Memory Configuration

Name             Origin             Length             Attributes
MFlash512        0x00000000         0x00080000         xr
RamPeriph32      0x20000000         0x00008000         xrw
RamLoc64         0x10000000         0x00010000         xrw
*default*        0x00000000         0xffffffff

Linker script and memory map

LOAD ./lwip/src/netif/etharp.o
LOAD ./lwip/src/netif/ethernetif.o
LOAD ./lwip/src/core/ipv4/autoip.o
LOAD ./lwip/src/core/ipv4/icmp.o
LOAD ./lwip/src/core/ipv4/igmp.o
LOAD ./lwip/src/core/ipv4/inet.o
LOAD ./lwip/src/core/ipv4/inet_chksum.o
LOAD ./lwip/src/core/ipv4/ip.o
LOAD ./lwip/src/core/ipv4/ip_addr.o
LOAD ./lwip/src/core/ipv4/ip_frag.o
LOAD ./lwip/src/core/def.o
LOAD ./lwip/src/core/dhcp.o
LOAD ./lwip/src/core/dns.o
LOAD ./lwip/src/core/init.o
LOAD ./lwip/src/core/mem.o
LOAD ./lwip/src/core/memp.o
LOAD ./lwip/src/core/netif.o
LOAD ./lwip/src/core/pbuf.o
LOAD ./lwip/src/core/raw.o
LOAD ./lwip/src/core/stats.o
LOAD ./lwip/src/core/sys.o
LOAD ./lwip/src/core/tcp.o
LOAD ./lwip/src/core/tcp_in.o
LOAD ./lwip/src/core/tcp_out.o
LOAD ./lwip/src/core/timers.o
LOAD ./lwip/src/core/udp.o
LOAD ./lwip/src/arch/lpc17xx_40xx_emac.o
LOAD ./lwip/src/arch/lpc17xx_40xx_systick_arch.o
LOAD ./lwip/src/arch/lpc_debug.o
LOAD ./lwip/src/api/api_lib.o
LOAD ./lwip/src/api/api_msg.o
LOAD ./lwip/src/api/err.o
LOAD ./lwip/src/api/netbuf.o
LOAD ./lwip/src/api/netdb.o
LOAD ./lwip/src/api/netifapi.o
LOAD ./lwip/src/api/sockets.o
LOAD ./lwip/src/api/tcpip.o
LOAD ./example/src/cr_redlib_heap_fix.o
LOAD ./example/src/cr_startup_lpc177x_8x.o
LOAD ./example/src/httpd.o
LOAD ./example/src/lwip_fs.o
LOAD ./example/src/main.o
LOAD ./example/src/post_example.o
LOAD ./example/src/sysinit.o
LOAD C:\_freelance\Netping\1778_web\lpc_board_ea_devkit_1788\Debug\liblpc_board_ea_devkit_1788.a
LOAD C:\_freelance\Netping\1778_web\lpc_chip_177x_8x\Debug\liblpc_chip_177x_8x.a
START GROUP
LOAD c:/nxp/mcuxpressoide_11.2.1_4149/ide/plugins/com.nxp.mcuxpresso.tools.win32_11.2.0.202008311134/tools/bin/../lib/gcc/arm-none-eabi/9.2.1/../../../../arm-none-eabi/lib/thumb/v7-m/nofp\libcr_nohost.a
LOAD c:/nxp/mcuxpressoide_11.2.1_4149/ide/plugins/com.nxp.mcuxpresso.tools.win32_11.2.0.202008311134/tools/bin/../lib/gcc/arm-none-eabi/9.2.1/../../../../arm-none-eabi/lib/thumb/v7-m/nofp\libcr_c.a
LOAD c:/nxp/mcuxpressoide_11.2.1_4149/ide/plugins/com.nxp.mcuxpresso.tools.win32_11.2.0.202008311134/tools/bin/../lib/gcc/arm-none-eabi/9.2.1/thumb/v7-m/nofp\libcr_eabihelpers.a
LOAD c:/nxp/mcuxpressoide_11.2.1_4149/ide/plugins/com.nxp.mcuxpresso.tools.win32_11.2.0.202008311134/tools/bin/../lib/gcc/arm-none-eabi/9.2.1/thumb/v7-m/nofp\libgcc.a
END GROUP
                0x00000000                __base_MFlash512 = 0x0
                0x00000000                __base_Flash = 0x0
                0x00080000                __top_MFlash512 = 0x80000
                0x00080000                __top_Flash = 0x80000
                0x20000000                __base_RamPeriph32 = 0x20000000
                0x20000000                __base_RAM = 0x20000000
                0x20008000                __top_RamPeriph32 = 0x20008000
                0x20008000                __top_RAM = 0x20008000
                0x10000000                __base_RamLoc64 = 0x10000000
                0x10000000                __base_RAM2 = 0x10000000
                0x10010000                __top_RamLoc64 = 0x10010000
                0x10010000                __top_RAM2 = 0x10010000

.text           0x00000000     0xbd18
 FILL mask 0xff
                0x00000000                __vectors_start__ = ABSOLUTE (.)
 *(.isr_vector)
 .isr_vector    0x00000000       0xe4 ./example/src/cr_startup_lpc177x_8x.o
                0x00000000                g_pfnVectors
                0x000000e4                . = ALIGN (0x4)
                0x000000e4                __section_table_start = .
                0x000000e4                __data_section_table = .
                0x000000e4        0x4 LONG 0xbd18 LOADADDR (.data)
                0x000000e8        0x4 LONG 0x20000000 ADDR (.data)
                0x000000ec        0x4 LONG 0x10 SIZEOF (.data)
                0x000000f0        0x4 LONG 0xbd18 LOADADDR (.data_RAM2)
                0x000000f4        0x4 LONG 0x10000000 ADDR (.data_RAM2)
                0x000000f8        0x4 LONG 0x0 SIZEOF (.data_RAM2)
                0x000000fc                __data_section_table_end = .
                0x000000fc                __bss_section_table = .
                0x000000fc        0x4 LONG 0x20000010 ADDR (.bss)
                0x00000100        0x4 LONG 0xd10 SIZEOF (.bss)
                0x00000104        0x4 LONG 0x10000000 ADDR (.bss_RAM2)
                0x00000108        0x4 LONG 0x0 SIZEOF (.bss_RAM2)
                0x0000010c                __bss_section_table_end = .
                0x0000010c                __section_table_end = .
 *(.after_vectors*)
 .after_vectors
                0x0000010c       0x8c ./example/src/cr_startup_lpc177x_8x.o
                0x0000010c                NMI_Handler
                0x0000010e                HardFault_Handler
                0x00000110                MemManage_Handler
                0x00000112                BusFault_Handler
                0x00000114                UsageFault_Handler
                0x00000116                SVC_Handler
                0x00000118                DebugMon_Handler
                0x0000011a                PendSV_Handler
                0x0000011e                SDIO_IRQHandler
                0x0000011e                PWM1_IRQHandler
                0x0000011e                I2C0_IRQHandler
                0x0000011e                I2C1_IRQHandler
                0x0000011e                EINT2_IRQHandler
                0x0000011e                UART1_IRQHandler
                0x0000011e                EINT3_IRQHandler
                0x0000011e                CANActivity_IRQHandler
                0x0000011e                TIMER3_IRQHandler
                0x0000011e                UART0_IRQHandler
                0x0000011e                UART3_IRQHandler
                0x0000011e                RIT_IRQHandler
                0x0000011e                USBActivity_IRQHandler
                0x0000011e                PLL0_IRQHandler
                0x0000011e                CAN_IRQHandler
                0x0000011e                PLL1_IRQHandler
                0x0000011e                SSP0_IRQHandler
                0x0000011e                I2S_IRQHandler
                0x0000011e                I2C2_IRQHandler
                0x0000011e                RTC_IRQHandler
                0x0000011e                TIMER0_IRQHandler
                0x0000011e                SPI_IRQHandler
                0x0000011e                LCD_IRQHandler
                0x0000011e                TIMER2_IRQHandler
                0x0000011e                EINT1_IRQHandler
                0x0000011e                TIMER1_IRQHandler
                0x0000011e                UART2_IRQHandler
                0x0000011e                UART4_IRQHandler
                0x0000011e                ADC_IRQHandler
                0x0000011e                SSP1_IRQHandler
                0x0000011e                USB_IRQHandler
                0x0000011e                BOD_IRQHandler
                0x0000011e                IntDefaultHandler
                0x0000011e                WDT_IRQHandler
                0x0000011e                GPIO_IRQHandler
                0x0000011e                QEI_IRQHandler
                0x0000011e                EINT0_IRQHandler
                0x0000011e                PWM0_IRQHandler
                0x0000011e                SSP2_IRQHandler
                0x0000011e                EEPROM_IRQHandler
                0x0000011e                DMA_IRQHandler
                0x0000011e                MCPWM_IRQHandler
                0x00000120                data_init
                0x0000013c                bss_init
                0x0000014e                ResetISR
 *(.text*)
 .text.etharp_free_entry
                0x00000198       0x34 ./lwip/src/netif/etharp.o
 .text.etharp_find_entry
                0x000001cc      0x168 ./lwip/src/netif/etharp.o
 .text.etharp_send_ip
                0x00000334       0x44 ./lwip/src/netif/etharp.o
 .text.etharp_update_arp_entry
                0x00000378       0x9c ./lwip/src/netif/etharp.o
 .text.etharp_raw
                0x00000414       0xca ./lwip/src/netif/etharp.o
 .text.etharp_arp_input
                0x000004de      0x124 ./lwip/src/netif/etharp.o
 *fill*         0x00000602        0x2 ff
 .text.etharp_tmr
                0x00000604       0x68 ./lwip/src/netif/etharp.o
                0x00000604                etharp_tmr
 .text.etharp_request
                0x0000066c       0x2c ./lwip/src/netif/etharp.o
                0x0000066c                etharp_request
 .text.etharp_output_to_arp_index
                0x00000698       0x80 ./lwip/src/netif/etharp.o
 .text.etharp_query
                0x00000718      0x180 ./lwip/src/netif/etharp.o
                0x00000718                etharp_query
 .text.etharp_output
                0x00000898      0x140 ./lwip/src/netif/etharp.o
                0x00000898                etharp_output
 .text.ethernet_input
                0x000009d8       0x98 ./lwip/src/netif/etharp.o
                0x000009d8                ethernet_input
 .text.icmp_send_response
                0x00000a70       0x7a ./lwip/src/core/ipv4/icmp.o
 *fill*         0x00000aea        0x2 ff
 .text.icmp_input
                0x00000aec      0x154 ./lwip/src/core/ipv4/icmp.o
                0x00000aec                icmp_input
 .text.icmp_dest_unreach
                0x00000c40        0xc ./lwip/src/core/ipv4/icmp.o
                0x00000c40                icmp_dest_unreach
 .text.icmp_time_exceeded
                0x00000c4c        0xc ./lwip/src/core/ipv4/icmp.o
                0x00000c4c                icmp_time_exceeded
 .text.lwip_standard_chksum
                0x00000c58       0x3c ./lwip/src/core/ipv4/inet_chksum.o
 .text.inet_chksum_pseudo
                0x00000c94       0x8a ./lwip/src/core/ipv4/inet_chksum.o
                0x00000c94                inet_chksum_pseudo
 .text.inet_chksum_pseudo_partial
                0x00000d1e       0xb2 ./lwip/src/core/ipv4/inet_chksum.o
                0x00000d1e                inet_chksum_pseudo_partial
 .text.inet_chksum
                0x00000dd0        0xc ./lwip/src/core/ipv4/inet_chksum.o
                0x00000dd0                inet_chksum
 .text.inet_chksum_pbuf
                0x00000ddc       0x4a ./lwip/src/core/ipv4/inet_chksum.o
                0x00000ddc                inet_chksum_pbuf
 .text.lwip_chksum_copy
                0x00000e26       0x14 ./lwip/src/core/ipv4/inet_chksum.o
                0x00000e26                lwip_chksum_copy
 *fill*         0x00000e3a        0x2 ff
 .text.ip_route
                0x00000e3c       0x44 ./lwip/src/core/ipv4/ip.o
                0x00000e3c                ip_route
 .text.ip_input
                0x00000e80      0x188 ./lwip/src/core/ipv4/ip.o
                0x00000e80                ip_input
 .text.ip_output_if
                0x00001008      0x100 ./lwip/src/core/ipv4/ip.o
                0x00001008                ip_output_if
 .text.ip_output
                0x00001108       0x44 ./lwip/src/core/ipv4/ip.o
                0x00001108                ip_output
 .text.ip4_addr_isbroadcast
                0x0000114c       0x40 ./lwip/src/core/ipv4/ip_addr.o
                0x0000114c                ip4_addr_isbroadcast
 .text.ipaddr_ntoa_r
                0x0000118c       0x9c ./lwip/src/core/ipv4/ip_addr.o
                0x0000118c                ipaddr_ntoa_r
 .text.ip_reass_dequeue_datagram
                0x00001228       0x30 ./lwip/src/core/ipv4/ip_frag.o
 .text.ip_reass_free_complete_datagram
                0x00001258       0xb0 ./lwip/src/core/ipv4/ip_frag.o
 .text.ip_reass_remove_oldest_datagram
                0x00001308       0x74 ./lwip/src/core/ipv4/ip_frag.o
 .text.ip_frag_free_pbuf_custom_ref
                0x0000137c       0x14 ./lwip/src/core/ipv4/ip_frag.o
 .text.ipfrag_free_pbuf_custom
                0x00001390       0x1c ./lwip/src/core/ipv4/ip_frag.o
 .text.ip_reass_chain_frag_into_datagram_and_validate
                0x000013ac      0x144 ./lwip/src/core/ipv4/ip_frag.o
 .text.ip_frag_alloc_pbuf_custom_ref
                0x000014f0       0x10 ./lwip/src/core/ipv4/ip_frag.o
 .text.ip_reass_enqueue_new_datagram
                0x00001500       0x60 ./lwip/src/core/ipv4/ip_frag.o
 .text.ip_reass_tmr
                0x00001560       0x2c ./lwip/src/core/ipv4/ip_frag.o
                0x00001560                ip_reass_tmr
 .text.ip_reass
                0x0000158c      0x170 ./lwip/src/core/ipv4/ip_frag.o
                0x0000158c                ip_reass
 .text.ip_frag  0x000016fc      0x18c ./lwip/src/core/ipv4/ip_frag.o
                0x000016fc                ip_frag
 .text.lwip_htons
                0x00001888        0xa ./lwip/src/core/def.o
                0x00001888                lwip_htons
 .text.lwip_ntohs
                0x00001892        0x8 ./lwip/src/core/def.o
                0x00001892                lwip_ntohs
 .text.lwip_htonl
                0x0000189a       0x18 ./lwip/src/core/def.o
                0x0000189a                lwip_htonl
 .text.lwip_ntohl
                0x000018b2        0x8 ./lwip/src/core/def.o
                0x000018b2                lwip_ntohl
 .text.lwip_init
                0x000018ba       0x14 ./lwip/src/core/init.o
                0x000018ba                lwip_init
 .text.netif_init
                0x000018ce        0x2 ./lwip/src/core/netif.o
                0x000018ce                netif_init
 .text.netif_set_ipaddr
                0x000018d0       0x60 ./lwip/src/core/netif.o
                0x000018d0                netif_set_ipaddr
 .text.netif_set_gw
                0x00001930        0xc ./lwip/src/core/netif.o
                0x00001930                netif_set_gw
 .text.netif_set_netmask
                0x0000193c        0xc ./lwip/src/core/netif.o
                0x0000193c                netif_set_netmask
 .text.netif_set_addr
                0x00001948       0x1e ./lwip/src/core/netif.o
                0x00001948                netif_set_addr
 *fill*         0x00001966        0x2 ff
 .text.netif_add
                0x00001968       0x68 ./lwip/src/core/netif.o
                0x00001968                netif_add
 .text.netif_set_default
                0x000019d0        0xc ./lwip/src/core/netif.o
                0x000019d0                netif_set_default
 .text.netif_set_up
                0x000019dc       0x2a ./lwip/src/core/netif.o
                0x000019dc                netif_set_up
 .text.netif_set_link_up
                0x00001a06       0x2a ./lwip/src/core/netif.o
                0x00001a06                netif_set_link_up
 .text.netif_set_link_down
                0x00001a30       0x14 ./lwip/src/core/netif.o
                0x00001a30                netif_set_link_down
 .text.pbuf_pool_is_empty
                0x00001a44        0xc ./lwip/src/core/pbuf.o
 .text.pbuf_free_ooseq
                0x00001a50       0x28 ./lwip/src/core/pbuf.o
                0x00001a50                pbuf_free_ooseq
 .text.pbuf_alloced_custom
                0x00001a78       0x60 ./lwip/src/core/pbuf.o
                0x00001a78                pbuf_alloced_custom
 .text.pbuf_header
                0x00001ad8       0x8c ./lwip/src/core/pbuf.o
                0x00001ad8                pbuf_header
 .text.pbuf_free
                0x00001b64       0x84 ./lwip/src/core/pbuf.o
                0x00001b64                pbuf_free
 .text.pbuf_alloc
                0x00001be8      0x184 ./lwip/src/core/pbuf.o
                0x00001be8                pbuf_alloc
 .text.pbuf_realloc
                0x00001d6c       0x84 ./lwip/src/core/pbuf.o
                0x00001d6c                pbuf_realloc
 .text.pbuf_clen
                0x00001df0       0x10 ./lwip/src/core/pbuf.o
                0x00001df0                pbuf_clen
 .text.pbuf_ref
                0x00001e00        0xa ./lwip/src/core/pbuf.o
                0x00001e00                pbuf_ref
 .text.pbuf_cat
                0x00001e0a       0x42 ./lwip/src/core/pbuf.o
                0x00001e0a                pbuf_cat
 .text.pbuf_copy
                0x00001e4c       0xd4 ./lwip/src/core/pbuf.o
                0x00001e4c                pbuf_copy
 .text.pbuf_copy_partial
                0x00001f20       0x70 ./lwip/src/core/pbuf.o
                0x00001f20                pbuf_copy_partial
 .text.raw_input
                0x00001f90       0x94 ./lwip/src/core/raw.o
                0x00001f90                raw_input
 .text.tcp_accept_null
                0x00002024        0x6 ./lwip/src/core/tcp.o
 *fill*         0x0000202a        0x2 ff
 .text.tcp_new_port
                0x0000202c       0x64 ./lwip/src/core/tcp.o
 .text.tcp_init
                0x00002090        0x2 ./lwip/src/core/tcp.o
                0x00002090                tcp_init
 *fill*         0x00002092        0x2 ff
 .text.tcp_bind
                0x00002094       0x94 ./lwip/src/core/tcp.o
                0x00002094                tcp_bind
 .text.tcp_listen_with_backlog
                0x00002128       0xac ./lwip/src/core/tcp.o
                0x00002128                tcp_listen_with_backlog
 .text.tcp_update_rcv_ann_wnd
                0x000021d4       0x46 ./lwip/src/core/tcp.o
                0x000021d4                tcp_update_rcv_ann_wnd
 .text.tcp_recved
                0x0000221a       0x56 ./lwip/src/core/tcp.o
                0x0000221a                tcp_recved
 .text.tcp_seg_free
                0x00002270       0x18 ./lwip/src/core/tcp.o
                0x00002270                tcp_seg_free
 .text.tcp_segs_free
                0x00002288       0x14 ./lwip/src/core/tcp.o
                0x00002288                tcp_segs_free
 .text.tcp_setprio
                0x0000229c        0x4 ./lwip/src/core/tcp.o
                0x0000229c                tcp_setprio
 .text.tcp_seg_copy
                0x000022a0       0x28 ./lwip/src/core/tcp.o
                0x000022a0                tcp_seg_copy
 .text.tcp_arg  0x000022c8        0x4 ./lwip/src/core/tcp.o
                0x000022c8                tcp_arg
 .text.tcp_recv
                0x000022cc       0x18 ./lwip/src/core/tcp.o
                0x000022cc                tcp_recv
 .text.tcp_sent
                0x000022e4       0x16 ./lwip/src/core/tcp.o
                0x000022e4                tcp_sent
 .text.tcp_err  0x000022fa       0x18 ./lwip/src/core/tcp.o
                0x000022fa                tcp_err
 .text.tcp_accept
                0x00002312        0x4 ./lwip/src/core/tcp.o
                0x00002312                tcp_accept
 .text.tcp_poll
                0x00002316       0x1e ./lwip/src/core/tcp.o
                0x00002316                tcp_poll
 .text.tcp_pcb_purge
                0x00002334       0x42 ./lwip/src/core/tcp.o
                0x00002334                tcp_pcb_purge
 *fill*         0x00002376        0x2 ff
 .text.tcp_slowtmr
                0x00002378      0x360 ./lwip/src/core/tcp.o
                0x00002378                tcp_slowtmr
 .text.tcp_pcb_remove
                0x000026d8       0x7c ./lwip/src/core/tcp.o
                0x000026d8                tcp_pcb_remove
 .text.tcp_close_shutdown
                0x00002754      0x17c ./lwip/src/core/tcp.o
 .text.tcp_close
                0x000028d0       0x18 ./lwip/src/core/tcp.o
                0x000028d0                tcp_close
 .text.tcp_recv_null
                0x000028e8       0x24 ./lwip/src/core/tcp.o
                0x000028e8                tcp_recv_null
 .text.tcp_process_refused_data
                0x0000290c       0x6a ./lwip/src/core/tcp.o
                0x0000290c                tcp_process_refused_data
 *fill*         0x00002976        0x2 ff
 .text.tcp_fasttmr
                0x00002978       0x68 ./lwip/src/core/tcp.o
                0x00002978                tcp_fasttmr
 .text.tcp_tmr  0x000029e0       0x24 ./lwip/src/core/tcp.o
                0x000029e0                tcp_tmr
 .text.tcp_abandon
                0x00002a04       0x9c ./lwip/src/core/tcp.o
                0x00002a04                tcp_abandon
 .text.tcp_abort
                0x00002aa0        0xa ./lwip/src/core/tcp.o
                0x00002aa0                tcp_abort
 *fill*         0x00002aaa        0x2 ff
 .text.tcp_kill_timewait
                0x00002aac       0x34 ./lwip/src/core/tcp.o
 .text.tcp_kill_prio
                0x00002ae0       0x44 ./lwip/src/core/tcp.o
 .text.tcp_next_iss
                0x00002b24       0x18 ./lwip/src/core/tcp.o
                0x00002b24                tcp_next_iss
 .text.tcp_alloc
                0x00002b3c       0xd4 ./lwip/src/core/tcp.o
                0x00002b3c                tcp_alloc
 .text.tcp_new  0x00002c10        0xa ./lwip/src/core/tcp.o
                0x00002c10                tcp_new
 .text.tcp_eff_send_mss
                0x00002c1a       0x1e ./lwip/src/core/tcp.o
                0x00002c1a                tcp_eff_send_mss
 .text.tcp_parseopt
                0x00002c38       0x90 ./lwip/src/core/tcp_in.o
 .text.tcp_timewait_input
                0x00002cc8       0x9c ./lwip/src/core/tcp_in.o
 .text.tcp_listen_input
                0x00002d64      0x110 ./lwip/src/core/tcp_in.o
 .text.tcp_oos_insert_segment
                0x00002e74       0x88 ./lwip/src/core/tcp_in.o
 .text.tcp_receive
                0x00002efc      0x960 ./lwip/src/core/tcp_in.o
 .text.tcp_process
                0x0000385c      0x4b4 ./lwip/src/core/tcp_in.o
 .text.tcp_input
                0x00003d10      0x424 ./lwip/src/core/tcp_in.o
                0x00003d10                tcp_input
 .text.tcp_seg_add_chksum
                0x00004134       0x2a ./lwip/src/core/tcp_out.o
 .text.tcp_write_checks
                0x0000415e       0x7c ./lwip/src/core/tcp_out.o
 .text.tcp_pbuf_prealloc
                0x000041da       0x6a ./lwip/src/core/tcp_out.o
 .text.tcp_create_segment
                0x00004244       0xbc ./lwip/src/core/tcp_out.o
 .text.tcp_output_alloc_header
                0x00004300       0x7e ./lwip/src/core/tcp_out.o
 *fill*         0x0000437e        0x2 ff
 .text.tcp_output_segment
                0x00004380      0x134 ./lwip/src/core/tcp_out.o
 .text.tcp_write
                0x000044b4      0x488 ./lwip/src/core/tcp_out.o
                0x000044b4                tcp_write
 .text.tcp_enqueue_flags
                0x0000493c      0x130 ./lwip/src/core/tcp_out.o
                0x0000493c                tcp_enqueue_flags
 .text.tcp_send_fin
                0x00004a6c       0x44 ./lwip/src/core/tcp_out.o
                0x00004a6c                tcp_send_fin
 .text.tcp_send_empty_ack
                0x00004ab0       0x5e ./lwip/src/core/tcp_out.o
                0x00004ab0                tcp_send_empty_ack
 *fill*         0x00004b0e        0x2 ff
 .text.tcp_output
                0x00004b10      0x1dc ./lwip/src/core/tcp_out.o
                0x00004b10                tcp_output
 .text.tcp_rst  0x00004cec       0x9e ./lwip/src/core/tcp_out.o
                0x00004cec                tcp_rst
 .text.tcp_rexmit_rto
                0x00004d8a       0x2c ./lwip/src/core/tcp_out.o
                0x00004d8a                tcp_rexmit_rto
 .text.tcp_rexmit
                0x00004db6       0x50 ./lwip/src/core/tcp_out.o
                0x00004db6                tcp_rexmit
 .text.tcp_rexmit_fast
                0x00004e06       0x5c ./lwip/src/core/tcp_out.o
                0x00004e06                tcp_rexmit_fast
 .text.tcp_keepalive
                0x00004e62       0x50 ./lwip/src/core/tcp_out.o
                0x00004e62                tcp_keepalive
 .text.tcp_zero_window_probe
                0x00004eb2       0xb0 ./lwip/src/core/tcp_out.o
                0x00004eb2                tcp_zero_window_probe
 *fill*         0x00004f62        0x2 ff
 .text.sys_timeout
                0x00004f64       0x78 ./lwip/src/core/timers.o
                0x00004f64                sys_timeout
 .text.tcp_timer_needed
                0x00004fdc       0x3c ./lwip/src/core/timers.o
                0x00004fdc                tcp_timer_needed
 .text.tcpip_tcp_timer
                0x00005018       0x38 ./lwip/src/core/timers.o
 .text.sys_timeouts_init
                0x00005050       0x30 ./lwip/src/core/timers.o
                0x00005050                sys_timeouts_init
 .text.arp_timer
                0x00005080       0x18 ./lwip/src/core/timers.o
 .text.ip_reass_timer
                0x00005098       0x18 ./lwip/src/core/timers.o
 .text.sys_check_timeouts
                0x000050b0       0x58 ./lwip/src/core/timers.o
                0x000050b0                sys_check_timeouts
 .text.udp_init
                0x00005108        0x2 ./lwip/src/core/udp.o
                0x00005108                udp_init
 *fill*         0x0000510a        0x2 ff
 .text.udp_input
                0x0000510c      0x1a4 ./lwip/src/core/udp.o
                0x0000510c                udp_input
 .text.lpc_rxqueue_pbuf
                0x000052b0       0x52 ./lwip/src/arch/lpc17xx_40xx_emac.o
 .text.lpc_packet_addr_notsafe
                0x00005302       0x20 ./lwip/src/arch/lpc17xx_40xx_emac.o
 .text.lpc_tx_reclaim_st
                0x00005322       0x48 ./lwip/src/arch/lpc17xx_40xx_emac.o
 .text.lpc_etharp_output
                0x0000536a       0x18 ./lwip/src/arch/lpc17xx_40xx_emac.o
 *fill*         0x00005382        0x2 ff
 .text.lpc_tx_setup
                0x00005384       0x44 ./lwip/src/arch/lpc17xx_40xx_emac.o
 .text.lpc_rx_queue
                0x000053c8       0x3a ./lwip/src/arch/lpc17xx_40xx_emac.o
                0x000053c8                lpc_rx_queue
 *fill*         0x00005402        0x2 ff
 .text.lpc_rx_setup
                0x00005404       0x2c ./lwip/src/arch/lpc17xx_40xx_emac.o
 .text.low_level_init
                0x00005430       0xc8 ./lwip/src/arch/lpc17xx_40xx_emac.o
 .text.lpc_low_level_input
                0x000054f8      0x104 ./lwip/src/arch/lpc17xx_40xx_emac.o
 .text.lpc_enetif_input
                0x000055fc       0x3e ./lwip/src/arch/lpc17xx_40xx_emac.o
                0x000055fc                lpc_enetif_input
 *fill*         0x0000563a        0x2 ff
 .text.lpc_tx_reclaim
                0x0000563c       0x18 ./lwip/src/arch/lpc17xx_40xx_emac.o
                0x0000563c                lpc_tx_reclaim
 .text.lpc_tx_ready
                0x00005654       0x20 ./lwip/src/arch/lpc17xx_40xx_emac.o
                0x00005654                lpc_tx_ready
 .text.lpc_low_level_output
                0x00005674      0x108 ./lwip/src/arch/lpc17xx_40xx_emac.o
 .text.ETH_IRQHandler
                0x0000577c       0x10 ./lwip/src/arch/lpc17xx_40xx_emac.o
                0x0000577c                ETH_IRQHandler
 .text.lpc_enetif_init
                0x0000578c       0x60 ./lwip/src/arch/lpc17xx_40xx_emac.o
                0x0000578c                lpc_enetif_init
 .text.SysTick_Enable
                0x000057ec       0x48 ./lwip/src/arch/lpc17xx_40xx_systick_arch.o
                0x000057ec                SysTick_Enable
 .text.SysTick_Handler
                0x00005834       0x18 ./lwip/src/arch/lpc17xx_40xx_systick_arch.o
                0x00005834                SysTick_Handler
 .text.SysTick_GetMS
                0x0000584c        0xc ./lwip/src/arch/lpc17xx_40xx_systick_arch.o
                0x0000584c                SysTick_GetMS
 .text.msDelay  0x00005858       0x14 ./lwip/src/arch/lpc17xx_40xx_systick_arch.o
                0x00005858                msDelay
 .text.sys_now  0x0000586c        0x8 ./lwip/src/arch/lpc17xx_40xx_systick_arch.o
                0x0000586c                sys_now
 .text.assert_loop
                0x00005874        0x2 ./lwip/src/arch/lpc_debug.o
                0x00005874                assert_loop
 *fill*         0x00005876        0x2 ff
 .text.__check_heap_overflow
                0x00005878       0x14 ./example/src/cr_redlib_heap_fix.o
                0x00005878                __check_heap_overflow
 .text.httpd_init_addr
                0x0000588c       0x54 ./example/src/httpd.o
 .text.http_write
                0x000058e0       0x58 ./example/src/httpd.o
 .text.http_state_free
                0x00005938       0x28 ./example/src/httpd.o
 .text.http_close_conn
                0x00005960       0x70 ./example/src/httpd.o
 .text.http_send_data
                0x000059d0      0x1da ./example/src/httpd.o
 .text.http_sent
                0x00005baa       0x1a ./example/src/httpd.o
 .text.http_err
                0x00005bc4        0xc ./example/src/httpd.o
 .text.http_poll
                0x00005bd0       0x3c ./example/src/httpd.o
 .text.http_get_404_file
                0x00005c0c       0x38 ./example/src/httpd.o
 .text.strnstr  0x00005c44       0x50 ./example/src/httpd.o
 .text.get_http_headers
                0x00005c94       0xf4 ./example/src/httpd.o
 .text.http_init_file
                0x00005d88       0x6c ./example/src/httpd.o
 .text.http_find_file
                0x00005df4       0x80 ./example/src/httpd.o
 .text.http_handle_post_finished
                0x00005e74       0x24 ./example/src/httpd.o
 .text.http_post_rxpbuf
                0x00005e98       0x2c ./example/src/httpd.o
 .text.http_post_request
                0x00005ec4      0x118 ./example/src/httpd.o
 .text.http_parse_request
                0x00005fdc      0x138 ./example/src/httpd.o
 .text.http_recv
                0x00006114       0xb2 ./example/src/httpd.o
 .text.http_state_alloc
                0x000061c6       0x1c ./example/src/httpd.o
 *fill*         0x000061e2        0x2 ff
 .text.http_accept
                0x000061e4       0x64 ./example/src/httpd.o
 .text.httpd_init
                0x00006248       0x10 ./example/src/httpd.o
                0x00006248                httpd_init
 .text.get_http_headers
                0x00006258       0xdc ./example/src/lwip_fs.o
 .text.fs_open_default
                0x00006334       0x64 ./example/src/lwip_fs.o
                0x00006334                fs_open_default
 .text.fs_open  0x00006398        0x4 ./example/src/lwip_fs.o
                0x00006398                fs_open
 .text.fs_close
                0x0000639c        0xe ./example/src/lwip_fs.o
                0x0000639c                fs_close
 .text.fs_bytes_left
                0x000063aa        0x4 ./example/src/lwip_fs.o
                0x000063aa                fs_bytes_left
 .text.fs_read  0x000063ae        0x4 ./example/src/lwip_fs.o
                0x000063ae                fs_read
 .text.prvSetupHardware
                0x000063b2       0x1a ./example/src/main.o
 .text.write_data
                0x000063cc       0x2c ./example/src/main.o
                0x000063cc                write_data
 .text.erase_sector
                0x000063f8       0x24 ./example/src/main.o
                0x000063f8                erase_sector
 .text.prepare_sector
                0x0000641c       0x24 ./example/src/main.o
                0x0000641c                prepare_sector
 .text.find_erase_prepare_sector
                0x00006440       0x62 ./example/src/main.o
                0x00006440                find_erase_prepare_sector
 *fill*         0x000064a2        0x2 ff
 .text.write_flash
                0x000064a4       0x98 ./example/src/main.o
                0x000064a4                write_flash
 .text.jump_to_app_section
                0x0000653c       0x6c ./example/src/main.o
                0x0000653c                jump_to_app_section
 .text.main     0x000065a8      0x1cc ./example/src/main.o
                0x000065a8                main
 .text.fwupdate_state_str
                0x00006774       0x2c ./example/src/post_example.o
 .text.fwupdate_multipart_state_machine
                0x000067a0      0x1fc ./example/src/post_example.o
 .text.httpd_post_begin
                0x0000699c       0x60 ./example/src/post_example.o
                0x0000699c                httpd_post_begin
 .text.httpd_post_receive_data
                0x000069fc       0x60 ./example/src/post_example.o
                0x000069fc                httpd_post_receive_data
 .text.httpd_post_finished
                0x00006a5c       0x68 ./example/src/post_example.o
                0x00006a5c                httpd_post_finished
 .text.SystemInit
                0x00006ac4       0x18 ./example/src/sysinit.o
                0x00006ac4                SystemInit
 .text.Chip_IOCON_Init
                0x00006adc       0x16 C:\_freelance\Netping\1778_web\lpc_board_ea_devkit_1788\Debug\liblpc_board_ea_devkit_1788.a(board.o)
 .text.Chip_IOCON_PinMuxSet
                0x00006af2       0x2c C:\_freelance\Netping\1778_web\lpc_board_ea_devkit_1788\Debug\liblpc_board_ea_devkit_1788.a(board.o)
 .text.Chip_GPIO_Init
                0x00006b1e       0x16 C:\_freelance\Netping\1778_web\lpc_board_ea_devkit_1788\Debug\liblpc_board_ea_devkit_1788.a(board.o)
 .text.Chip_GPIO_SetPinState
                0x00006b34       0x64 C:\_freelance\Netping\1778_web\lpc_board_ea_devkit_1788\Debug\liblpc_board_ea_devkit_1788.a(board.o)
 .text.Chip_GPIO_WritePortBit
                0x00006b98       0x2c C:\_freelance\Netping\1778_web\lpc_board_ea_devkit_1788\Debug\liblpc_board_ea_devkit_1788.a(board.o)
 .text.Chip_GPIO_SetPinDIROutput
                0x00006bc4       0x36 C:\_freelance\Netping\1778_web\lpc_board_ea_devkit_1788\Debug\liblpc_board_ea_devkit_1788.a(board.o)
 .text.Chip_GPIO_SetPinDIRInput
                0x00006bfa       0x3a C:\_freelance\Netping\1778_web\lpc_board_ea_devkit_1788\Debug\liblpc_board_ea_devkit_1788.a(board.o)
 .text.Chip_GPIO_SetPinDIR
                0x00006c34       0x42 C:\_freelance\Netping\1778_web\lpc_board_ea_devkit_1788\Debug\liblpc_board_ea_devkit_1788.a(board.o)
 .text.Chip_GPIO_WriteDirBit
                0x00006c76       0x2e C:\_freelance\Netping\1778_web\lpc_board_ea_devkit_1788\Debug\liblpc_board_ea_devkit_1788.a(board.o)
 .text.Chip_UART_SendByte
                0x00006ca4       0x1c C:\_freelance\Netping\1778_web\lpc_board_ea_devkit_1788\Debug\liblpc_board_ea_devkit_1788.a(board.o)
 .text.Chip_UART_ConfigData
                0x00006cc0       0x1a C:\_freelance\Netping\1778_web\lpc_board_ea_devkit_1788\Debug\liblpc_board_ea_devkit_1788.a(board.o)
 .text.Chip_UART_ReadLineStatus
                0x00006cda       0x16 C:\_freelance\Netping\1778_web\lpc_board_ea_devkit_1788\Debug\liblpc_board_ea_devkit_1788.a(board.o)
 .text.__sys_write
                0x00006cf0       0x38 C:\_freelance\Netping\1778_web\lpc_board_ea_devkit_1788\Debug\liblpc_board_ea_devkit_1788.a(board.o)
                0x00006cf0                __sys_write
 .text.Board_UART_Init
                0x00006d28       0x60 C:\_freelance\Netping\1778_web\lpc_board_ea_devkit_1788\Debug\liblpc_board_ea_devkit_1788.a(board.o)
                0x00006d28                Board_UART_Init
 .text.Board_Debug_Init
                0x00006d88       0x30 C:\_freelance\Netping\1778_web\lpc_board_ea_devkit_1788\Debug\liblpc_board_ea_devkit_1788.a(board.o)
                0x00006d88                Board_Debug_Init
 .text.Board_UARTPutChar
                0x00006db8       0x34 C:\_freelance\Netping\1778_web\lpc_board_ea_devkit_1788\Debug\liblpc_board_ea_devkit_1788.a(board.o)
                0x00006db8                Board_UARTPutChar
 .text.Board_UARTPutSTR
                0x00006dec       0x2a C:\_freelance\Netping\1778_web\lpc_board_ea_devkit_1788\Debug\liblpc_board_ea_devkit_1788.a(board.o)
                0x00006dec                Board_UARTPutSTR
 *fill*         0x00006e16        0x2 ff
 .text.Board_LED_Init
                0x00006e18       0x60 C:\_freelance\Netping\1778_web\lpc_board_ea_devkit_1788\Debug\liblpc_board_ea_devkit_1788.a(board.o)
 .text.Board_LED_Set
                0x00006e78       0x54 C:\_freelance\Netping\1778_web\lpc_board_ea_devkit_1788\Debug\liblpc_board_ea_devkit_1788.a(board.o)
                0x00006e78                Board_LED_Set
 .text.Board_ENET_GetMacADDR
                0x00006ecc       0x34 C:\_freelance\Netping\1778_web\lpc_board_ea_devkit_1788\Debug\liblpc_board_ea_devkit_1788.a(board.o)
                0x00006ecc                Board_ENET_GetMacADDR
 .text.Board_Init
                0x00006f00       0x24 C:\_freelance\Netping\1778_web\lpc_board_ea_devkit_1788\Debug\liblpc_board_ea_devkit_1788.a(board.o)
                0x00006f00                Board_Init
 .text.Chip_SYSCTL_EnableBoost
                0x00006f24       0x18 C:\_freelance\Netping\1778_web\lpc_board_ea_devkit_1788\Debug\liblpc_board_ea_devkit_1788.a(board_sysinit.o)
 .text.Chip_Clock_SetEMCClockDiv
                0x00006f3c       0x20 C:\_freelance\Netping\1778_web\lpc_board_ea_devkit_1788\Debug\liblpc_board_ea_devkit_1788.a(board_sysinit.o)
 .text.Chip_IOCON_PinMuxSet
                0x00006f5c       0x2c C:\_freelance\Netping\1778_web\lpc_board_ea_devkit_1788\Debug\liblpc_board_ea_devkit_1788.a(board_sysinit.o)
 .text.Board_SetupClocking
                0x00006f88       0x1c C:\_freelance\Netping\1778_web\lpc_board_ea_devkit_1788\Debug\liblpc_board_ea_devkit_1788.a(board_sysinit.o)
                0x00006f88                Board_SetupClocking
 .text.Board_SetupMuxing
                0x00006fa4       0x84 C:\_freelance\Netping\1778_web\lpc_board_ea_devkit_1788\Debug\liblpc_board_ea_devkit_1788.a(board_sysinit.o)
                0x00006fa4                Board_SetupMuxing
 .text.Board_SetupExtMemory
                0x00007028       0x5c C:\_freelance\Netping\1778_web\lpc_board_ea_devkit_1788\Debug\liblpc_board_ea_devkit_1788.a(board_sysinit.o)
                0x00007028                Board_SetupExtMemory
 .text.Board_SystemInit
                0x00007084       0x14 C:\_freelance\Netping\1778_web\lpc_board_ea_devkit_1788\Debug\liblpc_board_ea_devkit_1788.a(board_sysinit.o)
                0x00007084                Board_SystemInit
 .text.Chip_ENET_IsMIIBusy
                0x00007098       0x24 C:\_freelance\Netping\1778_web\lpc_board_ea_devkit_1788\Debug\liblpc_board_ea_devkit_1788.a(lpc_phy_smsc87x0.o)
 .text.lpc_mii_write
                0x000070bc       0x64 C:\_freelance\Netping\1778_web\lpc_board_ea_devkit_1788\Debug\liblpc_board_ea_devkit_1788.a(lpc_phy_smsc87x0.o)
 .text.lpc_mii_read
                0x00007120       0x70 C:\_freelance\Netping\1778_web\lpc_board_ea_devkit_1788\Debug\liblpc_board_ea_devkit_1788.a(lpc_phy_smsc87x0.o)
 .text.smsc_update_phy_sts
                0x00007190       0xec C:\_freelance\Netping\1778_web\lpc_board_ea_devkit_1788\Debug\liblpc_board_ea_devkit_1788.a(lpc_phy_smsc87x0.o)
 .text.lpc_phy_init
                0x0000727c       0xac C:\_freelance\Netping\1778_web\lpc_board_ea_devkit_1788\Debug\liblpc_board_ea_devkit_1788.a(lpc_phy_smsc87x0.o)
                0x0000727c                lpc_phy_init
 .text.lpcPHYStsPoll
                0x00007328       0xc0 C:\_freelance\Netping\1778_web\lpc_board_ea_devkit_1788\Debug\liblpc_board_ea_devkit_1788.a(lpc_phy_smsc87x0.o)
                0x00007328                lpcPHYStsPoll
 .text.SystemCoreClockUpdate
                0x000073e8       0x18 C:\_freelance\Netping\1778_web\lpc_chip_177x_8x\Debug\liblpc_chip_177x_8x.a(chip_17xx_40xx.o)
                0x000073e8                SystemCoreClockUpdate
 .text.Chip_Clock_IsMainPLLEnabled
                0x00007400       0x24 C:\_freelance\Netping\1778_web\lpc_chip_177x_8x\Debug\liblpc_chip_177x_8x.a(clock_17xx_40xx.o)
 .text.Chip_Clock_FeedPLL
                0x00007424       0x34 C:\_freelance\Netping\1778_web\lpc_chip_177x_8x\Debug\liblpc_chip_177x_8x.a(clock_17xx_40xx.o)
 .text.Chip_Clock_GetMainPLLSource
                0x00007458       0x20 C:\_freelance\Netping\1778_web\lpc_chip_177x_8x\Debug\liblpc_chip_177x_8x.a(clock_17xx_40xx.o)
 .text.Chip_Clock_GetPCLKDiv
                0x00007478       0x1c C:\_freelance\Netping\1778_web\lpc_chip_177x_8x\Debug\liblpc_chip_177x_8x.a(clock_17xx_40xx.o)
 .text.Chip_Clock_GetMainOscRate
                0x00007494       0x14 C:\_freelance\Netping\1778_web\lpc_chip_177x_8x\Debug\liblpc_chip_177x_8x.a(clock_17xx_40xx.o)
 .text.Chip_Clock_GetIntOscRate
                0x000074a8       0x14 C:\_freelance\Netping\1778_web\lpc_chip_177x_8x\Debug\liblpc_chip_177x_8x.a(clock_17xx_40xx.o)
 .text.Chip_Clock_GetMainPLLInClockRate
                0x000074bc        0xe C:\_freelance\Netping\1778_web\lpc_chip_177x_8x\Debug\liblpc_chip_177x_8x.a(clock_17xx_40xx.o)
 *fill*         0x000074ca        0x2 ff
 .text.Chip_Clock_EnablePLL
                0x000074cc       0x44 C:\_freelance\Netping\1778_web\lpc_chip_177x_8x\Debug\liblpc_chip_177x_8x.a(clock_17xx_40xx.o)
                0x000074cc                Chip_Clock_EnablePLL
 .text.Chip_Clock_DisablePLL
                0x00007510       0x48 C:\_freelance\Netping\1778_web\lpc_chip_177x_8x\Debug\liblpc_chip_177x_8x.a(clock_17xx_40xx.o)
                0x00007510                Chip_Clock_DisablePLL
 .text.Chip_Clock_SetupPLL
                0x00007558       0x4c C:\_freelance\Netping\1778_web\lpc_chip_177x_8x\Debug\liblpc_chip_177x_8x.a(clock_17xx_40xx.o)
                0x00007558                Chip_Clock_SetupPLL
 .text.Chip_Clock_EnablePeriphClock
                0x000075a4       0x34 C:\_freelance\Netping\1778_web\lpc_chip_177x_8x\Debug\liblpc_chip_177x_8x.a(clock_17xx_40xx.o)
                0x000075a4                Chip_Clock_EnablePeriphClock
 .text.Chip_Clock_SetCPUClockSource
                0x000075d8       0x40 C:\_freelance\Netping\1778_web\lpc_chip_177x_8x\Debug\liblpc_chip_177x_8x.a(clock_17xx_40xx.o)
                0x000075d8                Chip_Clock_SetCPUClockSource
 .text.Chip_Clock_GetCPUClockSource
                0x00007618       0x30 C:\_freelance\Netping\1778_web\lpc_chip_177x_8x\Debug\liblpc_chip_177x_8x.a(clock_17xx_40xx.o)
                0x00007618                Chip_Clock_GetCPUClockSource
 .text.Chip_Clock_SetCPUClockDiv
                0x00007648       0x30 C:\_freelance\Netping\1778_web\lpc_chip_177x_8x\Debug\liblpc_chip_177x_8x.a(clock_17xx_40xx.o)
                0x00007648                Chip_Clock_SetCPUClockDiv
 .text.Chip_Clock_GetCPUClockDiv
                0x00007678       0x1c C:\_freelance\Netping\1778_web\lpc_chip_177x_8x\Debug\liblpc_chip_177x_8x.a(clock_17xx_40xx.o)
                0x00007678                Chip_Clock_GetCPUClockDiv
 .text.Chip_Clock_GetSYSCLKRate
                0x00007694       0x2a C:\_freelance\Netping\1778_web\lpc_chip_177x_8x\Debug\liblpc_chip_177x_8x.a(clock_17xx_40xx.o)
                0x00007694                Chip_Clock_GetSYSCLKRate
 *fill*         0x000076be        0x2 ff
 .text.Chip_Clock_GetMainPLLOutClockRate
                0x000076c0       0x40 C:\_freelance\Netping\1778_web\lpc_chip_177x_8x\Debug\liblpc_chip_177x_8x.a(clock_17xx_40xx.o)
                0x000076c0                Chip_Clock_GetMainPLLOutClockRate
 .text.Chip_Clock_GetMainClockRate
                0x00007700       0x28 C:\_freelance\Netping\1778_web\lpc_chip_177x_8x\Debug\liblpc_chip_177x_8x.a(clock_17xx_40xx.o)
                0x00007700                Chip_Clock_GetMainClockRate
 .text.Chip_Clock_GetSystemClockRate
                0x00007728       0x18 C:\_freelance\Netping\1778_web\lpc_chip_177x_8x\Debug\liblpc_chip_177x_8x.a(clock_17xx_40xx.o)
                0x00007728                Chip_Clock_GetSystemClockRate
 .text.Chip_Clock_SetSPIFIClockSource
                0x00007740       0x34 C:\_freelance\Netping\1778_web\lpc_chip_177x_8x\Debug\liblpc_chip_177x_8x.a(clock_17xx_40xx.o)
                0x00007740                Chip_Clock_SetSPIFIClockSource
 .text.Chip_Clock_SetSPIFIClockDiv
                0x00007774       0x30 C:\_freelance\Netping\1778_web\lpc_chip_177x_8x\Debug\liblpc_chip_177x_8x.a(clock_17xx_40xx.o)
                0x00007774                Chip_Clock_SetSPIFIClockDiv
 .text.Chip_Clock_GetPeripheralClockRate
                0x000077a4       0x2e C:\_freelance\Netping\1778_web\lpc_chip_177x_8x\Debug\liblpc_chip_177x_8x.a(clock_17xx_40xx.o)
                0x000077a4                Chip_Clock_GetPeripheralClockRate
 *fill*         0x000077d2        0x2 ff
 .text.Chip_Clock_GetEMCClockDiv
                0x000077d4       0x18 C:\_freelance\Netping\1778_web\lpc_chip_177x_8x\Debug\liblpc_chip_177x_8x.a(emc_17xx_40xx.o)
 .text.Chip_Clock_GetEMCClockRate
                0x000077ec       0x18 C:\_freelance\Netping\1778_web\lpc_chip_177x_8x\Debug\liblpc_chip_177x_8x.a(emc_17xx_40xx.o)
 .text.convertTimmingParam
                0x00007804       0x68 C:\_freelance\Netping\1778_web\lpc_chip_177x_8x\Debug\liblpc_chip_177x_8x.a(emc_17xx_40xx.o)
 .text.getColsLen
                0x0000786c       0x4c C:\_freelance\Netping\1778_web\lpc_chip_177x_8x\Debug\liblpc_chip_177x_8x.a(emc_17xx_40xx.o)
 .text.initDynMem
                0x000078b8      0x292 C:\_freelance\Netping\1778_web\lpc_chip_177x_8x\Debug\liblpc_chip_177x_8x.a(emc_17xx_40xx.o)
                0x000078b8                initDynMem
 .text.initStaticMem
                0x00007b4a       0xb0 C:\_freelance\Netping\1778_web\lpc_chip_177x_8x\Debug\liblpc_chip_177x_8x.a(emc_17xx_40xx.o)
                0x00007b4a                initStaticMem
 *fill*         0x00007bfa        0x2 ff
 .text.Chip_EMC_Dynamic_Init
                0x00007bfc       0x24 C:\_freelance\Netping\1778_web\lpc_chip_177x_8x\Debug\liblpc_chip_177x_8x.a(emc_17xx_40xx.o)
                0x00007bfc                Chip_EMC_Dynamic_Init
 .text.Chip_EMC_Static_Init
                0x00007c20       0x24 C:\_freelance\Netping\1778_web\lpc_chip_177x_8x\Debug\liblpc_chip_177x_8x.a(emc_17xx_40xx.o)
                0x00007c20                Chip_EMC_Static_Init
 .text.Chip_EMC_Init
                0x00007c44       0x4c C:\_freelance\Netping\1778_web\lpc_chip_177x_8x\Debug\liblpc_chip_177x_8x.a(emc_17xx_40xx.o)
                0x00007c44                Chip_EMC_Init
 .text.Chip_Clock_GetENETClockRate
                0x00007c90        0xe C:\_freelance\Netping\1778_web\lpc_chip_177x_8x\Debug\liblpc_chip_177x_8x.a(enet_17xx_40xx.o)
 .text.Chip_ENET_Reset
                0x00007c9e       0x22 C:\_freelance\Netping\1778_web\lpc_chip_177x_8x\Debug\liblpc_chip_177x_8x.a(enet_17xx_40xx.o)
 .text.resetENET
                0x00007cc0       0x30 C:\_freelance\Netping\1778_web\lpc_chip_177x_8x\Debug\liblpc_chip_177x_8x.a(enet_17xx_40xx.o)
 .text.Chip_ENET_Init
                0x00007cf0       0x8e C:\_freelance\Netping\1778_web\lpc_chip_177x_8x\Debug\liblpc_chip_177x_8x.a(enet_17xx_40xx.o)
                0x00007cf0                Chip_ENET_Init
 *fill*         0x00007d7e        0x2 ff
 .text.Chip_ENET_SetupMII
                0x00007d80       0x44 C:\_freelance\Netping\1778_web\lpc_chip_177x_8x\Debug\liblpc_chip_177x_8x.a(enet_17xx_40xx.o)
                0x00007d80                Chip_ENET_SetupMII
 .text.Chip_ENET_FindMIIDiv
                0x00007dc4       0x50 C:\_freelance\Netping\1778_web\lpc_chip_177x_8x\Debug\liblpc_chip_177x_8x.a(enet_17xx_40xx.o)
                0x00007dc4                Chip_ENET_FindMIIDiv
 .text.Chip_ENET_StartMIIWrite
                0x00007e14       0x3c C:\_freelance\Netping\1778_web\lpc_chip_177x_8x\Debug\liblpc_chip_177x_8x.a(enet_17xx_40xx.o)
                0x00007e14                Chip_ENET_StartMIIWrite
 .text.Chip_ENET_StartMIIRead
                0x00007e50       0x30 C:\_freelance\Netping\1778_web\lpc_chip_177x_8x\Debug\liblpc_chip_177x_8x.a(enet_17xx_40xx.o)
                0x00007e50                Chip_ENET_StartMIIRead
 .text.Chip_ENET_ReadMIIData
                0x00007e80       0x1e C:\_freelance\Netping\1778_web\lpc_chip_177x_8x\Debug\liblpc_chip_177x_8x.a(enet_17xx_40xx.o)
                0x00007e80                Chip_ENET_ReadMIIData
 .text.Chip_ENET_SetFullDuplex
                0x00007e9e       0x34 C:\_freelance\Netping\1778_web\lpc_chip_177x_8x\Debug\liblpc_chip_177x_8x.a(enet_17xx_40xx.o)
                0x00007e9e                Chip_ENET_SetFullDuplex
 .text.Chip_ENET_SetHalfDuplex
                0x00007ed2       0x34 C:\_freelance\Netping\1778_web\lpc_chip_177x_8x\Debug\liblpc_chip_177x_8x.a(enet_17xx_40xx.o)
                0x00007ed2                Chip_ENET_SetHalfDuplex
 .text.Chip_ENET_InitTxDescriptors
                0x00007f06       0x3a C:\_freelance\Netping\1778_web\lpc_chip_177x_8x\Debug\liblpc_chip_177x_8x.a(enet_17xx_40xx.o)
                0x00007f06                Chip_ENET_InitTxDescriptors
 .text.Chip_ENET_InitRxDescriptors
                0x00007f40       0x3a C:\_freelance\Netping\1778_web\lpc_chip_177x_8x\Debug\liblpc_chip_177x_8x.a(enet_17xx_40xx.o)
                0x00007f40                Chip_ENET_InitRxDescriptors
 .text.Chip_ENET_GetFillDescNum
                0x00007f7a       0x4a C:\_freelance\Netping\1778_web\lpc_chip_177x_8x\Debug\liblpc_chip_177x_8x.a(enet_17xx_40xx.o)
                0x00007f7a                Chip_ENET_GetFillDescNum
 .text.Chip_ENET_IncTXProduceIndex
                0x00007fc4       0x3c C:\_freelance\Netping\1778_web\lpc_chip_177x_8x\Debug\liblpc_chip_177x_8x.a(enet_17xx_40xx.o)
                0x00007fc4                Chip_ENET_IncTXProduceIndex
 .text.Chip_ENET_IncRXConsumeIndex
                0x00008000       0x3c C:\_freelance\Netping\1778_web\lpc_chip_177x_8x\Debug\liblpc_chip_177x_8x.a(enet_17xx_40xx.o)
                0x00008000                Chip_ENET_IncRXConsumeIndex
 .text.Chip_IOCON_PinMuxSet
                0x0000803c       0x2c C:\_freelance\Netping\1778_web\lpc_chip_177x_8x\Debug\liblpc_chip_177x_8x.a(iocon_17xx_40xx.o)
 .text.Chip_IOCON_SetPinMuxing
                0x00008068       0x64 C:\_freelance\Netping\1778_web\lpc_chip_177x_8x\Debug\liblpc_chip_177x_8x.a(iocon_17xx_40xx.o)
                0x00008068                Chip_IOCON_SetPinMuxing
 .text.Chip_SYSCTL_PeriphReset
                0x000080cc       0x64 C:\_freelance\Netping\1778_web\lpc_chip_177x_8x\Debug\liblpc_chip_177x_8x.a(sysctl_17xx_40xx.o)
                0x000080cc                Chip_SYSCTL_PeriphReset
 .text.Chip_Clock_IsMainPLLEnabled
                0x00008130       0x24 C:\_freelance\Netping\1778_web\lpc_chip_177x_8x\Debug\liblpc_chip_177x_8x.a(sysinit_17xx_40xx.o)
 .text.Chip_Clock_IsMainPLLLocked
                0x00008154       0x24 C:\_freelance\Netping\1778_web\lpc_chip_177x_8x\Debug\liblpc_chip_177x_8x.a(sysinit_17xx_40xx.o)
 .text.Chip_Clock_EnableCrystal
                0x00008178       0x20 C:\_freelance\Netping\1778_web\lpc_chip_177x_8x\Debug\liblpc_chip_177x_8x.a(sysinit_17xx_40xx.o)
 .text.Chip_Clock_IsCrystalEnabled
                0x00008198       0x24 C:\_freelance\Netping\1778_web\lpc_chip_177x_8x\Debug\liblpc_chip_177x_8x.a(sysinit_17xx_40xx.o)
 .text.Chip_Clock_SetMainPLLSource
                0x000081bc       0x20 C:\_freelance\Netping\1778_web\lpc_chip_177x_8x\Debug\liblpc_chip_177x_8x.a(sysinit_17xx_40xx.o)
 .text.Chip_Clock_SetPCLKDiv
                0x000081dc       0x20 C:\_freelance\Netping\1778_web\lpc_chip_177x_8x\Debug\liblpc_chip_177x_8x.a(sysinit_17xx_40xx.o)
 .text.Chip_SetupXtalClocking
                0x000081fc       0x82 C:\_freelance\Netping\1778_web\lpc_chip_177x_8x\Debug\liblpc_chip_177x_8x.a(sysinit_17xx_40xx.o)
                0x000081fc                Chip_SetupXtalClocking
 .text.Chip_UART_SetupFIFOS
                0x0000827e       0x1a C:\_freelance\Netping\1778_web\lpc_chip_177x_8x\Debug\liblpc_chip_177x_8x.a(uart_17xx_40xx.o)
 .text.Chip_UART_ConfigData
                0x00008298       0x1a C:\_freelance\Netping\1778_web\lpc_chip_177x_8x\Debug\liblpc_chip_177x_8x.a(uart_17xx_40xx.o)
 .text.Chip_UART_EnableDivisorAccess
                0x000082b2       0x1e C:\_freelance\Netping\1778_web\lpc_chip_177x_8x\Debug\liblpc_chip_177x_8x.a(uart_17xx_40xx.o)
 .text.Chip_UART_DisableDivisorAccess
                0x000082d0       0x1e C:\_freelance\Netping\1778_web\lpc_chip_177x_8x\Debug\liblpc_chip_177x_8x.a(uart_17xx_40xx.o)
 .text.Chip_UART_SetDivisorLatches
                0x000082ee       0x26 C:\_freelance\Netping\1778_web\lpc_chip_177x_8x\Debug\liblpc_chip_177x_8x.a(uart_17xx_40xx.o)
 .text.Chip_UART_GetClockIndex
                0x00008314       0x60 C:\_freelance\Netping\1778_web\lpc_chip_177x_8x\Debug\liblpc_chip_177x_8x.a(uart_17xx_40xx.o)
 .text.Chip_UART_Init
                0x00008374       0x78 C:\_freelance\Netping\1778_web\lpc_chip_177x_8x\Debug\liblpc_chip_177x_8x.a(uart_17xx_40xx.o)
                0x00008374                Chip_UART_Init
 .text.Chip_UART_TXEnable
                0x000083ec       0x2c C:\_freelance\Netping\1778_web\lpc_chip_177x_8x\Debug\liblpc_chip_177x_8x.a(uart_17xx_40xx.o)
                0x000083ec                Chip_UART_TXEnable
 .text.Chip_UART_TXDisable
                0x00008418       0x2c C:\_freelance\Netping\1778_web\lpc_chip_177x_8x\Debug\liblpc_chip_177x_8x.a(uart_17xx_40xx.o)
                0x00008418                Chip_UART_TXDisable
 .text.Chip_UART_SetBaud
                0x00008444       0x58 C:\_freelance\Netping\1778_web\lpc_chip_177x_8x\Debug\liblpc_chip_177x_8x.a(uart_17xx_40xx.o)
                0x00008444                Chip_UART_SetBaud
 .text.__main   0x0000849c        0xe c:/nxp/mcuxpressoide_11.2.1_4149/ide/plugins/com.nxp.mcuxpresso.tools.win32_11.2.0.202008311134/tools/bin/../lib/gcc/arm-none-eabi/9.2.1/../../../../arm-none-eabi/lib/thumb/v7-m/nofp\libcr_nohost.a(_cr__main.o)
                0x0000849c                __main
 .text.memcpy   0x000084aa        0x4 c:/nxp/mcuxpressoide_11.2.1_4149/ide/plugins/com.nxp.mcuxpresso.tools.win32_11.2.0.202008311134/tools/bin/../lib/gcc/arm-none-eabi/9.2.1/../../../../arm-none-eabi/lib/thumb/v7-m/nofp\libcr_c.a(memcpy.o)
                0x000084aa                memcpy
 .text.memset   0x000084ae        0x4 c:/nxp/mcuxpressoide_11.2.1_4149/ide/plugins/com.nxp.mcuxpresso.tools.win32_11.2.0.202008311134/tools/bin/../lib/gcc/arm-none-eabi/9.2.1/../../../../arm-none-eabi/lib/thumb/v7-m/nofp\libcr_c.a(memset.o)
                0x000084ae                memset
 *fill*         0x000084b2        0x2 ff
 .text.malloc   0x000084b4       0xc8 c:/nxp/mcuxpressoide_11.2.1_4149/ide/plugins/com.nxp.mcuxpresso.tools.win32_11.2.0.202008311134/tools/bin/../lib/gcc/arm-none-eabi/9.2.1/../../../../arm-none-eabi/lib/thumb/v7-m/nofp\libcr_c.a(alloc.o)
                0x000084b4                malloc
 .text.free     0x0000857c       0x30 c:/nxp/mcuxpressoide_11.2.1_4149/ide/plugins/com.nxp.mcuxpresso.tools.win32_11.2.0.202008311134/tools/bin/../lib/gcc/arm-none-eabi/9.2.1/../../../../arm-none-eabi/lib/thumb/v7-m/nofp\libcr_c.a(alloc.o)
                0x0000857c                free
 .text._Csys_alloc
                0x000085ac       0x20 c:/nxp/mcuxpressoide_11.2.1_4149/ide/plugins/com.nxp.mcuxpresso.tools.win32_11.2.0.202008311134/tools/bin/../lib/gcc/arm-none-eabi/9.2.1/../../../../arm-none-eabi/lib/thumb/v7-m/nofp\libcr_c.a(alloc.o)
                0x000085ac                _Csys_alloc
 .text.fp_round
                0x000085cc       0x4c c:/nxp/mcuxpressoide_11.2.1_4149/ide/plugins/com.nxp.mcuxpresso.tools.win32_11.2.0.202008311134/tools/bin/../lib/gcc/arm-none-eabi/9.2.1/../../../../arm-none-eabi/lib/thumb/v7-m/nofp\libcr_c.a(fpprintf.o)
 .text.pr_dec.constprop.0
                0x00008618       0x26 c:/nxp/mcuxpressoide_11.2.1_4149/ide/plugins/com.nxp.mcuxpresso.tools.win32_11.2.0.202008311134/tools/bin/../lib/gcc/arm-none-eabi/9.2.1/../../../../arm-none-eabi/lib/thumb/v7-m/nofp\libcr_c.a(fpprintf.o)
 *fill*         0x0000863e        0x2 ff
 .text.sprintf  0x00008640       0x6c c:/nxp/mcuxpressoide_11.2.1_4149/ide/plugins/com.nxp.mcuxpresso.tools.win32_11.2.0.202008311134/tools/bin/../lib/gcc/arm-none-eabi/9.2.1/../../../../arm-none-eabi/lib/thumb/v7-m/nofp\libcr_c.a(fpprintf.o)
                0x00008640                sprintf
 *fill*         0x000086ac        0x4 ff
 .text.fp_display
                0x000086b0      0x950 c:/nxp/mcuxpressoide_11.2.1_4149/ide/plugins/com.nxp.mcuxpresso.tools.win32_11.2.0.202008311134/tools/bin/../lib/gcc/arm-none-eabi/9.2.1/../../../../arm-none-eabi/lib/thumb/v7-m/nofp\libcr_c.a(fpprintf.o)
 .text.snprintf
                0x00009000       0x78 c:/nxp/mcuxpressoide_11.2.1_4149/ide/plugins/com.nxp.mcuxpresso.tools.win32_11.2.0.202008311134/tools/bin/../lib/gcc/arm-none-eabi/9.2.1/../../../../arm-none-eabi/lib/thumb/v7-m/nofp\libcr_c.a(fpprintf.o)
                0x00009000                snprintf
 .text.vsnprintf
                0x00009078       0x68 c:/nxp/mcuxpressoide_11.2.1_4149/ide/plugins/com.nxp.mcuxpresso.tools.win32_11.2.0.202008311134/tools/bin/../lib/gcc/arm-none-eabi/9.2.1/../../../../arm-none-eabi/lib/thumb/v7-m/nofp\libcr_c.a(fpprintf.o)
                0x00009078                vsnprintf
 .text.printf   0x000090e0       0x54 c:/nxp/mcuxpressoide_11.2.1_4149/ide/plugins/com.nxp.mcuxpresso.tools.win32_11.2.0.202008311134/tools/bin/../lib/gcc/arm-none-eabi/9.2.1/../../../../arm-none-eabi/lib/thumb/v7-m/nofp\libcr_c.a(fpprintf.o)
                0x000090e0                printf
 .text._initio  0x00009134       0x78 c:/nxp/mcuxpressoide_11.2.1_4149/ide/plugins/com.nxp.mcuxpresso.tools.win32_11.2.0.202008311134/tools/bin/../lib/gcc/arm-none-eabi/9.2.1/../../../../arm-none-eabi/lib/thumb/v7-m/nofp\libcr_c.a(initio.o)
                0x00009134                _initio
 .text.memcmp   0x000091ac       0x42 c:/nxp/mcuxpressoide_11.2.1_4149/ide/plugins/com.nxp.mcuxpresso.tools.win32_11.2.0.202008311134/tools/bin/../lib/gcc/arm-none-eabi/9.2.1/../../../../arm-none-eabi/lib/thumb/v7-m/nofp\libcr_c.a(memcmp.o)
                0x000091ac                memcmp
 *fill*         0x000091ee        0x2 ff
 .text.__vfprintf
                0x000091f0      0xce0 c:/nxp/mcuxpressoide_11.2.1_4149/ide/plugins/com.nxp.mcuxpresso.tools.win32_11.2.0.202008311134/tools/bin/../lib/gcc/arm-none-eabi/9.2.1/../../../../arm-none-eabi/lib/thumb/v7-m/nofp\libcr_c.a(printf.o)
                0x000091f0                __vfprintf
 .text.ch_val   0x00009ed0       0x30 c:/nxp/mcuxpressoide_11.2.1_4149/ide/plugins/com.nxp.mcuxpresso.tools.win32_11.2.0.202008311134/tools/bin/../lib/gcc/arm-none-eabi/9.2.1/../../../../arm-none-eabi/lib/thumb/v7-m/nofp\libcr_c.a(scanf.o)
 .text._strtoul
                0x00009f00       0xb0 c:/nxp/mcuxpressoide_11.2.1_4149/ide/plugins/com.nxp.mcuxpresso.tools.win32_11.2.0.202008311134/tools/bin/../lib/gcc/arm-none-eabi/9.2.1/../../../../arm-none-eabi/lib/thumb/v7-m/nofp\libcr_c.a(scanf.o)
 .text.strtol   0x00009fb0       0x7c c:/nxp/mcuxpressoide_11.2.1_4149/ide/plugins/com.nxp.mcuxpresso.tools.win32_11.2.0.202008311134/tools/bin/../lib/gcc/arm-none-eabi/9.2.1/../../../../arm-none-eabi/lib/thumb/v7-m/nofp\libcr_c.a(scanf.o)
                0x00009fb0                strtol
 .text.atoi     0x0000a02c       0x18 c:/nxp/mcuxpressoide_11.2.1_4149/ide/plugins/com.nxp.mcuxpresso.tools.win32_11.2.0.202008311134/tools/bin/../lib/gcc/arm-none-eabi/9.2.1/../../../../arm-none-eabi/lib/thumb/v7-m/nofp\libcr_c.a(scanf.o)
                0x0000a02c                atoi
 .text.setvbuf  0x0000a044       0x3e c:/nxp/mcuxpressoide_11.2.1_4149/ide/plugins/com.nxp.mcuxpresso.tools.win32_11.2.0.202008311134/tools/bin/../lib/gcc/arm-none-eabi/9.2.1/../../../../arm-none-eabi/lib/thumb/v7-m/nofp\libcr_c.a(setvbuf.o)
                0x0000a044                setvbuf
 .text.strcat   0x0000a082       0x1e c:/nxp/mcuxpressoide_11.2.1_4149/ide/plugins/com.nxp.mcuxpresso.tools.win32_11.2.0.202008311134/tools/bin/../lib/gcc/arm-none-eabi/9.2.1/../../../../arm-none-eabi/lib/thumb/v7-m/nofp\libcr_c.a(strcat.o)
                0x0000a082                strcat
 .text.strchr   0x0000a0a0       0x18 c:/nxp/mcuxpressoide_11.2.1_4149/ide/plugins/com.nxp.mcuxpresso.tools.win32_11.2.0.202008311134/tools/bin/../lib/gcc/arm-none-eabi/9.2.1/../../../../arm-none-eabi/lib/thumb/v7-m/nofp\libcr_c.a(strchr.o)
                0x0000a0a0                strchr
 .text.strcmp   0x0000a0b8       0x44 c:/nxp/mcuxpressoide_11.2.1_4149/ide/plugins/com.nxp.mcuxpresso.tools.win32_11.2.0.202008311134/tools/bin/../lib/gcc/arm-none-eabi/9.2.1/../../../../arm-none-eabi/lib/thumb/v7-m/nofp\libcr_c.a(strcmp.o)
                0x0000a0b8                strcmp
 .text.strcpy   0x0000a0fc       0x42 c:/nxp/mcuxpressoide_11.2.1_4149/ide/plugins/com.nxp.mcuxpresso.tools.win32_11.2.0.202008311134/tools/bin/../lib/gcc/arm-none-eabi/9.2.1/../../../../arm-none-eabi/lib/thumb/v7-m/nofp\libcr_c.a(strcpy.o)
                0x0000a0fc                strcpy
 .text.strlen   0x0000a13e       0x4c c:/nxp/mcuxpressoide_11.2.1_4149/ide/plugins/com.nxp.mcuxpresso.tools.win32_11.2.0.202008311134/tools/bin/../lib/gcc/arm-none-eabi/9.2.1/../../../../arm-none-eabi/lib/thumb/v7-m/nofp\libcr_c.a(strlen.o)
                0x0000a13e                strlen
 .text.strncmp  0x0000a18a       0x56 c:/nxp/mcuxpressoide_11.2.1_4149/ide/plugins/com.nxp.mcuxpresso.tools.win32_11.2.0.202008311134/tools/bin/../lib/gcc/arm-none-eabi/9.2.1/../../../../arm-none-eabi/lib/thumb/v7-m/nofp\libcr_c.a(strncmp.o)
                0x0000a18a                strncmp
 .text.strrchr  0x0000a1e0       0x1c c:/nxp/mcuxpressoide_11.2.1_4149/ide/plugins/com.nxp.mcuxpresso.tools.win32_11.2.0.202008311134/tools/bin/../lib/gcc/arm-none-eabi/9.2.1/../../../../arm-none-eabi/lib/thumb/v7-m/nofp\libcr_c.a(strrchr.o)
                0x0000a1e0                strrchr
 .text.strstr   0x0000a1fc       0x20 c:/nxp/mcuxpressoide_11.2.1_4149/ide/plugins/com.nxp.mcuxpresso.tools.win32_11.2.0.202008311134/tools/bin/../lib/gcc/arm-none-eabi/9.2.1/../../../../arm-none-eabi/lib/thumb/v7-m/nofp\libcr_c.a(strstr.o)
                0x0000a1fc                strstr
 .text._sbrk    0x0000a21c       0x3c c:/nxp/mcuxpressoide_11.2.1_4149/ide/plugins/com.nxp.mcuxpresso.tools.win32_11.2.0.202008311134/tools/bin/../lib/gcc/arm-none-eabi/9.2.1/../../../../arm-none-eabi/lib/thumb/v7-m/nofp\libcr_c.a(_cr_sbrk.o)
                0x0000a21c                _sbrk
 .text._deferredlazyseek
                0x0000a258       0x40 c:/nxp/mcuxpressoide_11.2.1_4149/ide/plugins/com.nxp.mcuxpresso.tools.win32_11.2.0.202008311134/tools/bin/../lib/gcc/arm-none-eabi/9.2.1/../../../../arm-none-eabi/lib/thumb/v7-m/nofp\libcr_c.a(_deferredlazyseek.o)
                0x0000a258                _deferredlazyseek
 .text.__flsbuf
                0x0000a298      0x140 c:/nxp/mcuxpressoide_11.2.1_4149/ide/plugins/com.nxp.mcuxpresso.tools.win32_11.2.0.202008311134/tools/bin/../lib/gcc/arm-none-eabi/9.2.1/../../../../arm-none-eabi/lib/thumb/v7-m/nofp\libcr_c.a(_deferredlazyseek.o)
                0x0000a298                __flsbuf
 .text._fdopen  0x0000a3d8       0x68 c:/nxp/mcuxpressoide_11.2.1_4149/ide/plugins/com.nxp.mcuxpresso.tools.win32_11.2.0.202008311134/tools/bin/../lib/gcc/arm-none-eabi/9.2.1/../../../../arm-none-eabi/lib/thumb/v7-m/nofp\libcr_c.a(_fdopen.o)
                0x0000a3d8                _fdopen
 .text._fflush  0x0000a440       0x52 c:/nxp/mcuxpressoide_11.2.1_4149/ide/plugins/com.nxp.mcuxpresso.tools.win32_11.2.0.202008311134/tools/bin/../lib/gcc/arm-none-eabi/9.2.1/../../../../arm-none-eabi/lib/thumb/v7-m/nofp\libcr_c.a(_fflush.o)
                0x0000a440                _fflush
 .text._frexpl  0x0000a492       0x56 c:/nxp/mcuxpressoide_11.2.1_4149/ide/plugins/com.nxp.mcuxpresso.tools.win32_11.2.0.202008311134/tools/bin/../lib/gcc/arm-none-eabi/9.2.1/../../../../arm-none-eabi/lib/thumb/v7-m/nofp\libcr_c.a(_frexpl.o)
                0x0000a492                _frexpl
 .text._ldexpl  0x0000a4e8       0x48 c:/nxp/mcuxpressoide_11.2.1_4149/ide/plugins/com.nxp.mcuxpresso.tools.win32_11.2.0.202008311134/tools/bin/../lib/gcc/arm-none-eabi/9.2.1/../../../../arm-none-eabi/lib/thumb/v7-m/nofp\libcr_c.a(_ldexpl.o)
                0x0000a4e8                _ldexpl
 .text._Cwritebuf
                0x0000a530       0x6c c:/nxp/mcuxpressoide_11.2.1_4149/ide/plugins/com.nxp.mcuxpresso.tools.win32_11.2.0.202008311134/tools/bin/../lib/gcc/arm-none-eabi/9.2.1/../../../../arm-none-eabi/lib/thumb/v7-m/nofp\libcr_c.a(_writebuf.o)
                0x0000a530                _Cwritebuf
 .text.fclose   0x0000a59c       0x58 c:/nxp/mcuxpressoide_11.2.1_4149/ide/plugins/com.nxp.mcuxpresso.tools.win32_11.2.0.202008311134/tools/bin/../lib/gcc/arm-none-eabi/9.2.1/../../../../arm-none-eabi/lib/thumb/v7-m/nofp\libcr_c.a(fclose.o)
                0x0000a59c                fclose
 .text.fflush   0x0000a5f4       0x44 c:/nxp/mcuxpressoide_11.2.1_4149/ide/plugins/com.nxp.mcuxpresso.tools.win32_11.2.0.202008311134/tools/bin/../lib/gcc/arm-none-eabi/9.2.1/../../../../arm-none-eabi/lib/thumb/v7-m/nofp\libcr_c.a(fflush.o)
                0x0000a5f4                fflush
 .text.fseek    0x0000a638      0x100 c:/nxp/mcuxpressoide_11.2.1_4149/ide/plugins/com.nxp.mcuxpresso.tools.win32_11.2.0.202008311134/tools/bin/../lib/gcc/arm-none-eabi/9.2.1/../../../../arm-none-eabi/lib/thumb/v7-m/nofp\libcr_c.a(fseek.o)
                0x0000a638                fseek
 .text.ftell    0x0000a738       0x44 c:/nxp/mcuxpressoide_11.2.1_4149/ide/plugins/com.nxp.mcuxpresso.tools.win32_11.2.0.202008311134/tools/bin/../lib/gcc/arm-none-eabi/9.2.1/../../../../arm-none-eabi/lib/thumb/v7-m/nofp\libcr_c.a(ftell.o)
                0x0000a738                ftell
 .text.remove   0x0000a77c       0x14 c:/nxp/mcuxpressoide_11.2.1_4149/ide/plugins/com.nxp.mcuxpresso.tools.win32_11.2.0.202008311134/tools/bin/../lib/gcc/arm-none-eabi/9.2.1/../../../../arm-none-eabi/lib/thumb/v7-m/nofp\libcr_c.a(remove.o)
                0x0000a77c                remove
 .text._do_fflush
                0x0000a790       0x40 c:/nxp/mcuxpressoide_11.2.1_4149/ide/plugins/com.nxp.mcuxpresso.tools.win32_11.2.0.202008311134/tools/bin/../lib/gcc/arm-none-eabi/9.2.1/../../../../arm-none-eabi/lib/thumb/v7-m/nofp\libcr_c.a(_do_fflush.o)
                0x0000a790                _do_fflush
 .text.__aeabi_dmul
                0x0000a7d0      0x114 c:/nxp/mcuxpressoide_11.2.1_4149/ide/plugins/com.nxp.mcuxpresso.tools.win32_11.2.0.202008311134/tools/bin/../lib/gcc/arm-none-eabi/9.2.1/thumb/v7-m/nofp\libcr_eabihelpers.a(double.o)
                0x0000a7d0                __aeabi_dmul
 .text.__aeabi_ddiv
                0x0000a8e4      0x144 c:/nxp/mcuxpressoide_11.2.1_4149/ide/plugins/com.nxp.mcuxpresso.tools.win32_11.2.0.202008311134/tools/bin/../lib/gcc/arm-none-eabi/9.2.1/thumb/v7-m/nofp\libcr_eabihelpers.a(double.o)
                0x0000a8e4                __aeabi_ddiv
 .text.__aeabi_dsub
                0x0000aa28      0x1a8 c:/nxp/mcuxpressoide_11.2.1_4149/ide/plugins/com.nxp.mcuxpresso.tools.win32_11.2.0.202008311134/tools/bin/../lib/gcc/arm-none-eabi/9.2.1/thumb/v7-m/nofp\libcr_eabihelpers.a(double.o)
                0x0000aa28                __aeabi_dsub
 .text.__aeabi_dadd
                0x0000abd0      0x110 c:/nxp/mcuxpressoide_11.2.1_4149/ide/plugins/com.nxp.mcuxpresso.tools.win32_11.2.0.202008311134/tools/bin/../lib/gcc/arm-none-eabi/9.2.1/thumb/v7-m/nofp\libcr_eabihelpers.a(double.o)
                0x0000abd0                __aeabi_dadd
 .text.__aeabi_d2iz
                0x0000ace0       0x42 c:/nxp/mcuxpressoide_11.2.1_4149/ide/plugins/com.nxp.mcuxpresso.tools.win32_11.2.0.202008311134/tools/bin/../lib/gcc/arm-none-eabi/9.2.1/thumb/v7-m/nofp\libcr_eabihelpers.a(double.o)
                0x0000ace0                __aeabi_d2iz
 .text.__bhs_ui2d
                0x0000ad22       0x46 c:/nxp/mcuxpressoide_11.2.1_4149/ide/plugins/com.nxp.mcuxpresso.tools.win32_11.2.0.202008311134/tools/bin/../lib/gcc/arm-none-eabi/9.2.1/thumb/v7-m/nofp\libcr_eabihelpers.a(double.o)
                0x0000ad22                __bhs_ui2d
 .text.__aeabi_i2d
                0x0000ad68       0x12 c:/nxp/mcuxpressoide_11.2.1_4149/ide/plugins/com.nxp.mcuxpresso.tools.win32_11.2.0.202008311134/tools/bin/../lib/gcc/arm-none-eabi/9.2.1/thumb/v7-m/nofp\libcr_eabihelpers.a(double.o)
                0x0000ad68                __aeabi_i2d
 .text.__aeabi_dcmpeq
                0x0000ad7a       0x3c c:/nxp/mcuxpressoide_11.2.1_4149/ide/plugins/com.nxp.mcuxpresso.tools.win32_11.2.0.202008311134/tools/bin/../lib/gcc/arm-none-eabi/9.2.1/thumb/v7-m/nofp\libcr_eabihelpers.a(double.o)
                0x0000ad7a                __aeabi_dcmpeq
 .text.__aeabi_dcmplt
                0x0000adb6       0x58 c:/nxp/mcuxpressoide_11.2.1_4149/ide/plugins/com.nxp.mcuxpresso.tools.win32_11.2.0.202008311134/tools/bin/../lib/gcc/arm-none-eabi/9.2.1/thumb/v7-m/nofp\libcr_eabihelpers.a(double.o)
                0x0000adb6                __aeabi_dcmplt
 .text.__aeabi_dcmple
                0x0000ae0e       0x62 c:/nxp/mcuxpressoide_11.2.1_4149/ide/plugins/com.nxp.mcuxpresso.tools.win32_11.2.0.202008311134/tools/bin/../lib/gcc/arm-none-eabi/9.2.1/thumb/v7-m/nofp\libcr_eabihelpers.a(double.o)
                0x0000ae0e                __aeabi_dcmple
 .text.__aeabi_dcmpge
                0x0000ae70       0x68 c:/nxp/mcuxpressoide_11.2.1_4149/ide/plugins/com.nxp.mcuxpresso.tools.win32_11.2.0.202008311134/tools/bin/../lib/gcc/arm-none-eabi/9.2.1/thumb/v7-m/nofp\libcr_eabihelpers.a(double.o)
                0x0000ae70                __aeabi_dcmpge
 .text.__aeabi_memcpy
                0x0000aed8       0x34 c:/nxp/mcuxpressoide_11.2.1_4149/ide/plugins/com.nxp.mcuxpresso.tools.win32_11.2.0.202008311134/tools/bin/../lib/gcc/arm-none-eabi/9.2.1/thumb/v7-m/nofp\libcr_eabihelpers.a(memcpy.o)
                0x0000aed8                __aeabi_memcpy
                0x0000aee2                __aeabi_memcpy8
                0x0000aee2                __aeabi_memcpy4
 .text.__aeabi_memset_lowlevel
                0x0000af0c       0x32 c:/nxp/mcuxpressoide_11.2.1_4149/ide/plugins/com.nxp.mcuxpresso.tools.win32_11.2.0.202008311134/tools/bin/../lib/gcc/arm-none-eabi/9.2.1/thumb/v7-m/nofp\libcr_eabihelpers.a(memcpy.o)
                0x0000af0c                __aeabi_lowlevel_memset
 .text.__sys_appexit
                0x0000af3e        0x2 c:/nxp/mcuxpressoide_11.2.1_4149/ide/plugins/com.nxp.mcuxpresso.tools.win32_11.2.0.202008311134/tools/bin/../lib/gcc/arm-none-eabi/9.2.1/../../../../arm-none-eabi/lib/thumb/v7-m/nofp\libcr_nohost.a(__sys_appexit.o)
                0x0000af3e                __sys_appexit
                0x0000af3e                __exit
 .text.__sys_close
                0x0000af40        0x6 c:/nxp/mcuxpressoide_11.2.1_4149/ide/plugins/com.nxp.mcuxpresso.tools.win32_11.2.0.202008311134/tools/bin/../lib/gcc/arm-none-eabi/9.2.1/../../../../arm-none-eabi/lib/thumb/v7-m/nofp\libcr_nohost.a(__sys_close.o)
                0x0000af40                __sys_close
 .text.__sys_flen
                0x0000af46        0x6 c:/nxp/mcuxpressoide_11.2.1_4149/ide/plugins/com.nxp.mcuxpresso.tools.win32_11.2.0.202008311134/tools/bin/../lib/gcc/arm-none-eabi/9.2.1/../../../../arm-none-eabi/lib/thumb/v7-m/nofp\libcr_nohost.a(__sys_flen.o)
                0x0000af46                __sys_flen
 .text.__sys_istty
                0x0000af4c        0x6 c:/nxp/mcuxpressoide_11.2.1_4149/ide/plugins/com.nxp.mcuxpresso.tools.win32_11.2.0.202008311134/tools/bin/../lib/gcc/arm-none-eabi/9.2.1/../../../../arm-none-eabi/lib/thumb/v7-m/nofp\libcr_nohost.a(__sys_istty.o)
                0x0000af4c                __sys_istty
 .text.__sys_remove
                0x0000af52        0x6 c:/nxp/mcuxpressoide_11.2.1_4149/ide/plugins/com.nxp.mcuxpresso.tools.win32_11.2.0.202008311134/tools/bin/../lib/gcc/arm-none-eabi/9.2.1/../../../../arm-none-eabi/lib/thumb/v7-m/nofp\libcr_nohost.a(__sys_remove.o)
                0x0000af52                __sys_remove
 .text.__sys_seek
                0x0000af58        0x6 c:/nxp/mcuxpressoide_11.2.1_4149/ide/plugins/com.nxp.mcuxpresso.tools.win32_11.2.0.202008311134/tools/bin/../lib/gcc/arm-none-eabi/9.2.1/../../../../arm-none-eabi/lib/thumb/v7-m/nofp\libcr_nohost.a(__sys_seek.o)
                0x0000af58                __sys_seek
 .text.__sys_tmpnam
                0x0000af5e        0x6 c:/nxp/mcuxpressoide_11.2.1_4149/ide/plugins/com.nxp.mcuxpresso.tools.win32_11.2.0.202008311134/tools/bin/../lib/gcc/arm-none-eabi/9.2.1/../../../../arm-none-eabi/lib/thumb/v7-m/nofp\libcr_nohost.a(__sys_tmpnam.o)
                0x0000af5e                __sys_tmpnam
 *(.rodata .rodata.* .constdata .constdata.*)
 .rodata.ethbroadcast
                0x0000af64        0x6 ./lwip/src/netif/etharp.o
                0x0000af64                ethbroadcast
 *fill*         0x0000af6a        0x2 ff
 .rodata.ethzero
                0x0000af6c        0x6 ./lwip/src/netif/etharp.o
                0x0000af6c                ethzero
 *fill*         0x0000af72        0x2 ff
 .rodata.ip_addr_any
                0x0000af74        0x4 ./lwip/src/core/ipv4/ip_addr.o
                0x0000af74                ip_addr_any
 .rodata.memp_sizes
                0x0000af78       0x14 ./lwip/src/core/memp.o
                0x0000af78                memp_sizes
 .rodata.tcp_backoff
                0x0000af8c        0xd ./lwip/src/core/tcp.o
                0x0000af8c                tcp_backoff
 *fill*         0x0000af99        0x3 ff
 .rodata.tcp_pcb_lists
                0x0000af9c       0x10 ./lwip/src/core/tcp.o
                0x0000af9c                tcp_pcb_lists
 .rodata.tcp_persist_backoff
                0x0000afac        0x7 ./lwip/src/core/tcp.o
                0x0000afac                tcp_persist_backoff
 *fill*         0x0000afb3        0x1 ff
 .rodata.lpc_enetif_init.str1.4
                0x0000afb4        0x8 ./lwip/src/arch/lpc17xx_40xx_emac.o
 .rodata.http_get_404_file.str1.4
                0x0000afbc       0x23 ./example/src/httpd.o
 *fill*         0x0000afdf        0x1 ff
 .rodata.get_http_headers.str1.4
                0x0000afe0      0x129 ./example/src/httpd.o
 .rodata.http_init_file.str1.4
                0x0000b109      0x129 ./example/src/httpd.o
                                  0x5 (size before relaxing)
 *fill*         0x0000b109        0x3 ff
 .rodata.http_post_request.str1.4
                0x0000b10c       0x11 ./example/src/httpd.o
                                 0x17 (size before relaxing)
 *fill*         0x0000b11d        0x3 ff
 .rodata.http_parse_request.str1.4
                0x0000b120        0xe ./example/src/httpd.o
                                 0x12 (size before relaxing)
 *fill*         0x0000b12e        0x2 ff
 .rodata.str1.4
                0x0000b130      0x2f1 ./example/src/httpd.o
                                0x2fd (size before relaxing)
 *fill*         0x0000b421        0x3 ff
 .rodata.g_psDefaultFilenames
                0x0000b424       0x28 ./example/src/httpd.o
                0x0000b424                g_psDefaultFilenames
 .rodata.g_psHTTPHeaderStrings
                0x0000b44c       0x6c ./example/src/httpd.o
 .rodata.g_psHTTPHeaders
                0x0000b4b8       0x90 ./example/src/httpd.o
 .rodata.get_http_headers.str1.4
                0x0000b548       0xdc ./example/src/lwip_fs.o
 .rodata.fs_open_default.str1.4
                0x0000b548       0x30 ./example/src/lwip_fs.o
 .rodata.str1.4
                0x0000b578      0x321 ./example/src/lwip_fs.o
 .rodata.g_psHTTPHeaderStrings
                0x0000b578       0x6c ./example/src/lwip_fs.o
 .rodata.g_psHTTPHeaders
                0x0000b5e4       0x90 ./example/src/lwip_fs.o
 .rodata.http_index_html
                0x0000b674       0xef ./example/src/lwip_fs.o
 *fill*         0x0000b763        0x1 ff
 .rodata.main.str1.4
                0x0000b764       0x8a ./example/src/main.o
 *fill*         0x0000b7ee        0x2 ff
 .rodata.fwupdate_state_str.str1.4
                0x0000b7f0       0x2f ./example/src/post_example.o
 *fill*         0x0000b81f        0x1 ff
 .rodata.fwupdate_multipart_state_machine.str1.4
                0x0000b820      0x168 ./example/src/post_example.o
                                0x170 (size before relaxing)
 .rodata.httpd_post_begin.str1.4
                0x0000b988       0x18 ./example/src/post_example.o
 .rodata.httpd_post_finished.str1.4
                0x0000b9a0       0x1e ./example/src/post_example.o
 *fill*         0x0000b9be        0x2 ff
 .rodata.OscRateIn
                0x0000b9c0        0x4 C:\_freelance\Netping\1778_web\lpc_board_ea_devkit_1788\Debug\liblpc_board_ea_devkit_1788.a(board.o)
                0x0000b9c0                OscRateIn
 .rodata.ledports
                0x0000b9c4        0x2 C:\_freelance\Netping\1778_web\lpc_board_ea_devkit_1788\Debug\liblpc_board_ea_devkit_1788.a(board.o)
 *fill*         0x0000b9c6        0x2 ff
 .rodata.ledpins
                0x0000b9c8        0x2 C:\_freelance\Netping\1778_web\lpc_board_ea_devkit_1788\Debug\liblpc_board_ea_devkit_1788.a(board.o)
 *fill*         0x0000b9ca        0x2 ff
 .rodata        0x0000b9cc        0x6 C:\_freelance\Netping\1778_web\lpc_board_ea_devkit_1788\Debug\liblpc_board_ea_devkit_1788.a(board.o)
 *fill*         0x0000b9d2        0x2 ff
 .rodata.pinmuxing
                0x0000b9d4       0x7c C:\_freelance\Netping\1778_web\lpc_board_ea_devkit_1788\Debug\liblpc_board_ea_devkit_1788.a(board_sysinit.o)
 .rodata.IS42S32800D_config
                0x0000ba50       0x74 C:\_freelance\Netping\1778_web\lpc_board_ea_devkit_1788\Debug\liblpc_board_ea_devkit_1788.a(board_sysinit.o)
 .rodata.SST39VF320_config
                0x0000bac4       0x20 C:\_freelance\Netping\1778_web\lpc_board_ea_devkit_1788\Debug\liblpc_board_ea_devkit_1788.a(board_sysinit.o)
 .rodata.K9F1G_config
                0x0000bae4       0x20 C:\_freelance\Netping\1778_web\lpc_board_ea_devkit_1788\Debug\liblpc_board_ea_devkit_1788.a(board_sysinit.o)
 .rodata.EnetClkDiv
                0x0000bb04        0xf C:\_freelance\Netping\1778_web\lpc_chip_177x_8x\Debug\liblpc_chip_177x_8x.a(enet_17xx_40xx.o)
 .rodata._Csys_alloc.str1.1
                0x0000bb13       0x18 c:/nxp/mcuxpressoide_11.2.1_4149/ide/plugins/com.nxp.mcuxpresso.tools.win32_11.2.0.202008311134/tools/bin/../lib/gcc/arm-none-eabi/9.2.1/../../../../arm-none-eabi/lib/thumb/v7-m/nofp\libcr_c.a(alloc.o)
 .rodata.fp_display.str1.1
                0x0000bb2b       0x34 c:/nxp/mcuxpressoide_11.2.1_4149/ide/plugins/com.nxp.mcuxpresso.tools.win32_11.2.0.202008311134/tools/bin/../lib/gcc/arm-none-eabi/9.2.1/../../../../arm-none-eabi/lib/thumb/v7-m/nofp\libcr_c.a(fpprintf.o)
                                 0x35 (size before relaxing)
 .rodata._initio.str1.1
                0x0000bb5f        0x4 c:/nxp/mcuxpressoide_11.2.1_4149/ide/plugins/com.nxp.mcuxpresso.tools.win32_11.2.0.202008311134/tools/bin/../lib/gcc/arm-none-eabi/9.2.1/../../../../arm-none-eabi/lib/thumb/v7-m/nofp\libcr_c.a(initio.o)
 .rodata.__vfprintf.str1.1
                0x0000bb63       0x31 c:/nxp/mcuxpressoide_11.2.1_4149/ide/plugins/com.nxp.mcuxpresso.tools.win32_11.2.0.202008311134/tools/bin/../lib/gcc/arm-none-eabi/9.2.1/../../../../arm-none-eabi/lib/thumb/v7-m/nofp\libcr_c.a(printf.o)
                                 0x38 (size before relaxing)
 .rodata.__ctype
                0x0000bb94      0x180 c:/nxp/mcuxpressoide_11.2.1_4149/ide/plugins/com.nxp.mcuxpresso.tools.win32_11.2.0.202008311134/tools/bin/../lib/gcc/arm-none-eabi/9.2.1/../../../../arm-none-eabi/lib/thumb/v7-m/nofp\libcr_c.a(ctype.o)
                0x0000bb94                __ctype
 .rodata.__num_Ciob_streams
                0x0000bd14        0x4 c:/nxp/mcuxpressoide_11.2.1_4149/ide/plugins/com.nxp.mcuxpresso.tools.win32_11.2.0.202008311134/tools/bin/../lib/gcc/arm-none-eabi/9.2.1/../../../../arm-none-eabi/lib/thumb/v7-m/nofp\libcr_nohost.a(__ciob.o)
                0x0000bd14                __num_Ciob_streams
                0x0000bd18                . = ALIGN (0x4)

.glue_7         0x0000bd18        0x0
 .glue_7        0x0000bd18        0x0 linker stubs

.glue_7t        0x0000bd18        0x0
 .glue_7t       0x0000bd18        0x0 linker stubs

.vfp11_veneer   0x0000bd18        0x0
 .vfp11_veneer  0x0000bd18        0x0 linker stubs

.v4_bx          0x0000bd18        0x0
 .v4_bx         0x0000bd18        0x0 linker stubs

.iplt           0x0000bd18        0x0
 .iplt          0x0000bd18        0x0 ./lwip/src/netif/etharp.o

.rel.dyn        0x0000bd18        0x0
 .rel.iplt      0x0000bd18        0x0 ./lwip/src/netif/etharp.o

.ARM.extab
 *(.ARM.extab* .gnu.linkonce.armextab.*)

.ARM.exidx      0x0000bd18        0x0
                0x0000bd18                __exidx_start = .
 *(.ARM.exidx* .gnu.linkonce.armexidx.*)
                0x0000bd18                __exidx_end = .
                0x0000bd18                _etext = .

.data_RAM2      0x10000000        0x0 load address 0x0000bd18
 FILL mask 0xff
                [!provide]                PROVIDE (__start_data_RAM2 = .)
                [!provide]                PROVIDE (__start_data_RamLoc64 = .)
 *(.ramfunc.$RAM2)
 *(.ramfunc.$RamLoc64)
 *(.data.$RAM2)
 *(.data.$RamLoc64)
 *(.data.$RAM2.*)
 *(.data.$RamLoc64.*)
                0x10000000                . = ALIGN (0x4)
                [!provide]                PROVIDE (__end_data_RAM2 = .)
                [!provide]                PROVIDE (__end_data_RamLoc64 = .)

.uninit_RESERVED
                0x20000000        0x0
                0x20000000                _start_uninit_RESERVED = .
 *(.bss.$RESERVED*)
                0x20000000                . = ALIGN (0x4)
                0x20000000                _end_uninit_RESERVED = .

.data           0x20000000       0x10 load address 0x0000bd18
 FILL mask 0xff
                0x20000000                _data = .
                [!provide]                PROVIDE (__start_data_RAM = .)
                [!provide]                PROVIDE (__start_data_RamPeriph32 = .)
 *(vtable)
 *(.ramfunc*)
 *(CodeQuickAccess)
 *(DataQuickAccess)
 *(RamFunction)
 *(.data*)
 .data.iss.5028
                0x20000000        0x4 ./lwip/src/core/tcp.o
 .data.tcp_port
                0x20000004        0x2 ./lwip/src/core/tcp.o
 *fill*         0x20000006        0x2 ff
 .data.close    0x20000008        0x4 ./example/src/post_example.o
                0x20000008                close
 .data.flash_pos
                0x2000000c        0x4 ./example/src/post_example.o
                0x20000010                . = ALIGN (0x4)
                0x20000010                _edata = .
                [!provide]                PROVIDE (__end_data_RAM = .)
                [!provide]                PROVIDE (__end_data_RamPeriph32 = .)

.igot.plt       0x20000010        0x0 load address 0x0000bd28
 .igot.plt      0x20000010        0x0 ./lwip/src/netif/etharp.o

.bss_RAM2       0x10000000        0x0
                [!provide]                PROVIDE (__start_bss_RAM2 = .)
                [!provide]                PROVIDE (__start_bss_RamLoc64 = .)
 *(.bss.$RAM2)
 *(.bss.$RamLoc64)
 *(.bss.$RAM2.*)
 *(.bss.$RamLoc64.*)
                0x10000000                . = ALIGN ((. != 0x0)?0x4:0x1)
                [!provide]                PROVIDE (__end_bss_RAM2 = .)
                [!provide]                PROVIDE (__end_bss_RamLoc64 = .)

.bss            0x20000010      0xd10
                0x20000010                _bss = .
                [!provide]                PROVIDE (__start_bss_RAM = .)
                [!provide]                PROVIDE (__start_bss_RamPeriph32 = .)
 *(.bss*)
 .bss.arp_table
                0x20000010       0xc8 ./lwip/src/netif/etharp.o
 .bss.etharp_cached_entry
                0x200000d8        0x1 ./lwip/src/netif/etharp.o
 *fill*         0x200000d9        0x1 
 .bss.ip_id     0x200000da        0x2 ./lwip/src/core/ipv4/ip.o
 .bss.ip_reass_pbufcount
                0x200000dc        0x2 ./lwip/src/core/ipv4/ip_frag.o
 *fill*         0x200000de        0x2 
 .bss.reassdatagrams
                0x200000e0        0x4 ./lwip/src/core/ipv4/ip_frag.o
 .bss.netif_num
                0x200000e4        0x1 ./lwip/src/core/netif.o
 *fill*         0x200000e5        0x3 
 .bss.raw_pcbs  0x200000e8        0x4 ./lwip/src/core/raw.o
 .bss.tcp_timer
                0x200000ec        0x1 ./lwip/src/core/tcp.o
 .bss.tcp_timer_ctr
                0x200000ed        0x1 ./lwip/src/core/tcp.o
 *fill*         0x200000ee        0x2 
 .bss.ackno     0x200000f0        0x4 ./lwip/src/core/tcp_in.o
 .bss.flags     0x200000f4        0x1 ./lwip/src/core/tcp_in.o
 *fill*         0x200000f5        0x3 
 .bss.inseg     0x200000f8       0x14 ./lwip/src/core/tcp_in.o
 .bss.recv_data
                0x2000010c        0x4 ./lwip/src/core/tcp_in.o
 .bss.recv_flags
                0x20000110        0x1 ./lwip/src/core/tcp_in.o
 *fill*         0x20000111        0x3 
 .bss.seqno     0x20000114        0x4 ./lwip/src/core/tcp_in.o
 .bss.tcphdr    0x20000118        0x4 ./lwip/src/core/tcp_in.o
 .bss.tcplen    0x2000011c        0x2 ./lwip/src/core/tcp_in.o
 *fill*         0x2000011e        0x2 
 .bss.next_timeout
                0x20000120        0x4 ./lwip/src/core/timers.o
 .bss.tcpip_tcp_timer_active
                0x20000124        0x4 ./lwip/src/core/timers.o
 .bss.timeouts_last_time
                0x20000128        0x4 ./lwip/src/core/timers.o
 .bss.saved_period
                0x2000012c        0x4 ./lwip/src/arch/lpc17xx_40xx_systick_arch.o
 .bss.systick_timems
                0x20000130        0x4 ./lwip/src/arch/lpc17xx_40xx_systick_arch.o
 .bss.http_post_response_filename
                0x20000134       0x40 ./example/src/httpd.o
 .bss.byte_ctr  0x20000174        0x4 ./example/src/main.o
                0x20000174                byte_ctr
 .bss.farewellBootloader.8774
                0x20000178        0x4 ./example/src/main.o
 .bss.flash_address
                0x2000017c        0x4 ./example/src/main.o
                0x2000017c                flash_address
 .bss.lpc_netif
                0x20000180       0x34 ./example/src/main.o
 .bss.prt_ip.8789
                0x200001b4        0x4 ./example/src/main.o
 .bss.tmp_buff.8790
                0x200001b8       0x10 ./example/src/main.o
 .bss.curlen    0x200001c8        0x4 ./example/src/post_example.o
 .bss.current_connection
                0x200001cc        0x4 ./example/src/post_example.o
 .bss.flash_cnt
                0x200001d0        0x4 ./example/src/post_example.o
 .bss.fwupdate  0x200001d4       0x1c ./example/src/post_example.o
 .bss.reboot    0x200001f0        0x4 ./example/src/post_example.o
                0x200001f0                reboot
 .bss.valid_connection
                0x200001f4        0x4 ./example/src/post_example.o
 .bss.physts    0x200001f8        0x4 C:\_freelance\Netping\1778_web\lpc_board_ea_devkit_1788\Debug\liblpc_board_ea_devkit_1788.a(lpc_phy_smsc87x0.o)
 .bss.olddphysts
                0x200001fc        0x4 C:\_freelance\Netping\1778_web\lpc_board_ea_devkit_1788\Debug\liblpc_board_ea_devkit_1788.a(lpc_phy_smsc87x0.o)
 .bss.phyustate
                0x20000200        0x4 C:\_freelance\Netping\1778_web\lpc_board_ea_devkit_1788\Debug\liblpc_board_ea_devkit_1788.a(lpc_phy_smsc87x0.o)
 .bss.pDelayMs  0x20000204        0x4 C:\_freelance\Netping\1778_web\lpc_board_ea_devkit_1788\Debug\liblpc_board_ea_devkit_1788.a(lpc_phy_smsc87x0.o)
 .bss.sts.8074  0x20000208        0x2 C:\_freelance\Netping\1778_web\lpc_board_ea_devkit_1788\Debug\liblpc_board_ea_devkit_1788.a(lpc_phy_smsc87x0.o)
 *fill*         0x2000020a        0x2 
 .bss.phyAddr   0x2000020c        0x4 C:\_freelance\Netping\1778_web\lpc_chip_177x_8x\Debug\liblpc_chip_177x_8x.a(enet_17xx_40xx.o)
 .bss.__end_of_heap
                0x20000210        0x4 c:/nxp/mcuxpressoide_11.2.1_4149/ide/plugins/com.nxp.mcuxpresso.tools.win32_11.2.0.202008311134/tools/bin/../lib/gcc/arm-none-eabi/9.2.1/../../../../arm-none-eabi/lib/thumb/v7-m/nofp\libcr_c.a(__init_alloc.o)
                0x20000210                __end_of_heap
 .bss.__heaps   0x20000214        0x4 c:/nxp/mcuxpressoide_11.2.1_4149/ide/plugins/com.nxp.mcuxpresso.tools.win32_11.2.0.202008311134/tools/bin/../lib/gcc/arm-none-eabi/9.2.1/../../../../arm-none-eabi/lib/thumb/v7-m/nofp\libcr_c.a(__init_alloc.o)
                0x20000214                __heaps
 .bss.errno     0x20000218        0x4 c:/nxp/mcuxpressoide_11.2.1_4149/ide/plugins/com.nxp.mcuxpresso.tools.win32_11.2.0.202008311134/tools/bin/../lib/gcc/arm-none-eabi/9.2.1/../../../../arm-none-eabi/lib/thumb/v7-m/nofp\libcr_c.a(errno.o)
                0x20000218                errno
 .bss.__Ciob    0x2000021c      0x1e0 c:/nxp/mcuxpressoide_11.2.1_4149/ide/plugins/com.nxp.mcuxpresso.tools.win32_11.2.0.202008311134/tools/bin/../lib/gcc/arm-none-eabi/9.2.1/../../../../arm-none-eabi/lib/thumb/v7-m/nofp\libcr_nohost.a(__ciob.o)
                0x2000021c                __Ciob
 *(COMMON)
 COMMON         0x200003fc       0x10 ./lwip/src/core/ipv4/ip.o
                0x200003fc                current_iphdr_src
                0x20000400                current_netif
                0x20000404                current_iphdr_dest
                0x20000408                current_header
 COMMON         0x2000040c        0x8 ./lwip/src/core/netif.o
                0x2000040c                netif_list
                0x20000410                netif_default
 COMMON         0x20000414        0x1 ./lwip/src/core/pbuf.o
                0x20000414                pbuf_free_ooseq_pending
 *fill*         0x20000415        0x3 
 COMMON         0x20000418       0x1c ./lwip/src/core/tcp.o
                0x20000418                tcp_active_pcbs_changed
                0x2000041c                tcp_active_pcbs
                0x20000420                tcp_ticks
                0x20000424                tcp_listen_pcbs
                0x20000428                tcp_tmp_pcb
                0x2000042c                tcp_bound_pcbs
                0x20000430                tcp_tw_pcbs
 COMMON         0x20000434        0x4 ./lwip/src/core/tcp_in.o
                0x20000434                tcp_input_pcb
 COMMON         0x20000438        0x4 ./lwip/src/core/udp.o
                0x20000438                udp_pcbs
 *fill*         0x2000043c        0x4 
 COMMON         0x20000440       0xa0 ./lwip/src/arch/lpc17xx_40xx_emac.o
                0x20000440                lpc_enetdata
 COMMON         0x200004e0      0x43c ./example/src/main.o
                0x200004e0                param_table
                0x200004f4                command
                0x20000508                result_table
                0x2000051c                flash_buf
 COMMON         0x2000091c      0x400 ./example/src/post_example.o
                0x2000091c                dataArr
 COMMON         0x20000d1c        0x4 C:\_freelance\Netping\1778_web\lpc_chip_177x_8x\Debug\liblpc_chip_177x_8x.a(chip_17xx_40xx.o)
                0x20000d1c                SystemCoreClock
                0x20000d20                . = ALIGN (0x4)
                0x20000d20                _ebss = .
                [!provide]                PROVIDE (__end_bss_RAM = .)
                [!provide]                PROVIDE (__end_bss_RamPeriph32 = .)
                [!provide]                PROVIDE (end = .)

.noinit_RAM2    0x10000000        0x0
                [!provide]                PROVIDE (__start_noinit_RAM2 = .)
                [!provide]                PROVIDE (__start_noinit_RamLoc64 = .)
 *(.noinit.$RAM2)
 *(.noinit.$RamLoc64)
 *(.noinit.$RAM2.*)
 *(.noinit.$RamLoc64.*)
                0x10000000                . = ALIGN (0x4)
                [!provide]                PROVIDE (__end_noinit_RAM2 = .)
                [!provide]                PROVIDE (__end_noinit_RamLoc64 = .)

.noinit         0x20000d20        0x0
                0x20000d20                _noinit = .
                [!provide]                PROVIDE (__start_noinit_RAM = .)
                [!provide]                PROVIDE (__start_noinit_RamPeriph32 = .)
 *(.noinit*)
                0x20000d20                . = ALIGN (0x4)
                0x20000d20                _end_noinit = .
                [!provide]                PROVIDE (__end_noinit_RAM = .)
                [!provide]                PROVIDE (__end_noinit_RamPeriph32 = .)
                0x20000d20                PROVIDE (_pvHeapStart = DEFINED (__user_heap_base)?__user_heap_base:.)
                0x20008000                PROVIDE (_vStackTop = DEFINED (__user_stack_top)?__user_stack_top:(__top_RamPeriph32 - 0x0))
                [!provide]                PROVIDE (__valid_user_code_checksum = (0x0 - ((((((_vStackTop + (ResetISR + 0x1)) + (NMI_Handler + 0x1)) + (HardFault_Handler + 0x1)) + (DEFINED (MemManage_Handler)?MemManage_Handler:0x0 + 0x1)) + (DEFINED (BusFault_Handler)?BusFault_Handler:0x0 + 0x1)) + (DEFINED (UsageFault_Handler)?UsageFault_Handler:0x0 + 0x1))))
                0x00000000                _image_start = LOADADDR (.text)
                0x0000bd28                _image_end = (LOADADDR (.data) + SIZEOF (.data))
                0x0000bd28                _image_size = (_image_end - _image_start)
OUTPUT(WEB_loader_LPC1788.axf elf32-littlearm)

.debug_info     0x00000000    0x2403b
 .debug_info    0x00000000     0x17da ./lwip/src/netif/etharp.o
 .debug_info    0x000017da      0xbe0 ./lwip/src/core/ipv4/icmp.o
 .debug_info    0x000023ba      0x72c ./lwip/src/core/ipv4/inet_chksum.o
 .debug_info    0x00002ae6     0x138d ./lwip/src/core/ipv4/ip.o
 .debug_info    0x00003e73      0x825 ./lwip/src/core/ipv4/ip_addr.o
 .debug_info    0x00004698     0x13a1 ./lwip/src/core/ipv4/ip_frag.o
 .debug_info    0x00005a39      0x2bf ./lwip/src/core/def.o
 .debug_info    0x00005cf8      0xdb1 ./lwip/src/core/init.o
 .debug_info    0x00006aa9      0xd9b ./lwip/src/core/memp.o
 .debug_info    0x00007844     0x11ab ./lwip/src/core/netif.o
 .debug_info    0x000089ef     0x1b80 ./lwip/src/core/pbuf.o
 .debug_info    0x0000a56f      0xbec ./lwip/src/core/raw.o
 .debug_info    0x0000b15b     0x219d ./lwip/src/core/tcp.o
 .debug_info    0x0000d2f8     0x1b5b ./lwip/src/core/tcp_in.o
 .debug_info    0x0000ee53     0x2251 ./lwip/src/core/tcp_out.o
 .debug_info    0x000110a4     0x1134 ./lwip/src/core/timers.o
 .debug_info    0x000121d8     0x1343 ./lwip/src/core/udp.o
 .debug_info    0x0001351b     0x20cd ./lwip/src/arch/lpc17xx_40xx_emac.o
 .debug_info    0x000155e8      0x94e ./lwip/src/arch/lpc17xx_40xx_systick_arch.o
 .debug_info    0x00015f36      0x1d7 ./lwip/src/arch/lpc_debug.o
 .debug_info    0x0001610d       0x8f ./example/src/cr_redlib_heap_fix.o
 .debug_info    0x0001619c      0x2f0 ./example/src/cr_startup_lpc177x_8x.o
 .debug_info    0x0001648c     0x245f ./example/src/httpd.o
 .debug_info    0x000188eb      0xa3a ./example/src/lwip_fs.o
 .debug_info    0x00019325     0x1ef3 ./example/src/main.o
 .debug_info    0x0001b218      0xa3b ./example/src/post_example.o
 .debug_info    0x0001bc53      0x3e1 ./example/src/sysinit.o
 .debug_info    0x0001c034     0x1f03 C:\_freelance\Netping\1778_web\lpc_board_ea_devkit_1788\Debug\liblpc_board_ea_devkit_1788.a(board.o)